core_cm4.h:1547:22:NVIC_EnableIRQ	16	static
core_cm4.h:1629:22:NVIC_SetPriority	16	static
main.c:101:5:main	32	static
main.c:154:6:vTask1_menu_display	24	static
main.c:165:6:vTask2_cmd_handling	24	static
main.c:206:6:vTask3_cmd_processing	80	static
main.c:244:6:vTask4_uart_write	24	static
main.c:254:9:GetCommandCode	16	static
main.c:257:13:pvtHardwareSetup	8	static
main.c:266:13:GPIO_Setup	24	static
main.c:292:13:UART2_Setup	32	static
main.c:337:6:printmsg	24	static
main.c:346:6:rtos_delay	24	static
main.c:354:6:vApplicationIdleHook	4	static,ignoring_inline_asm
main.c:358:6:USART2_IRQHandler	24	static,ignoring_inline_asm
main.c:384:6:make_led_on	8	static
main.c:388:6:make_led_off	8	static
main.c:394:6:vLedTimerCallback	16	static
main.c:400:6:led_toggle_start	32	static
main.c:413:6:led_toggle_stop	16	static
main.c:419:6:read_led_status	24	static
main.c:424:6:read_rtc_info	56	static
main.c:437:6:print_error_message	24	static
