Archive member included to satisfy reference by file (symbol)

c:/st/stm32cubeide_1.0.2/stm32cubeide/plugins/com.st.stm32cube.ide.mcu.externaltools.gnu-tools-for-stm32.7-2018-q2-update.win32_1.4.0.202007081208/tools/bin/../lib/gcc/arm-none-eabi/7.3.1/../../../../arm-none-eabi/lib/thumb/v7e-m/fpv4-sp/hard\libc_nano.a(lib_a-exit.o)
                              c:/st/stm32cubeide_1.0.2/stm32cubeide/plugins/com.st.stm32cube.ide.mcu.externaltools.gnu-tools-for-stm32.7-2018-q2-update.win32_1.4.0.202007081208/tools/bin/../lib/gcc/arm-none-eabi/7.3.1/../../../../arm-none-eabi/lib/thumb/v7e-m/fpv4-sp/hard/rdimon-crt0.o (exit)
c:/st/stm32cubeide_1.0.2/stm32cubeide/plugins/com.st.stm32cube.ide.mcu.externaltools.gnu-tools-for-stm32.7-2018-q2-update.win32_1.4.0.202007081208/tools/bin/../lib/gcc/arm-none-eabi/7.3.1/../../../../arm-none-eabi/lib/thumb/v7e-m/fpv4-sp/hard\libc_nano.a(lib_a-impure.o)
                              c:/st/stm32cubeide_1.0.2/stm32cubeide/plugins/com.st.stm32cube.ide.mcu.externaltools.gnu-tools-for-stm32.7-2018-q2-update.win32_1.4.0.202007081208/tools/bin/../lib/gcc/arm-none-eabi/7.3.1/../../../../arm-none-eabi/lib/thumb/v7e-m/fpv4-sp/hard\libc_nano.a(lib_a-exit.o) (_global_impure_ptr)
c:/st/stm32cubeide_1.0.2/stm32cubeide/plugins/com.st.stm32cube.ide.mcu.externaltools.gnu-tools-for-stm32.7-2018-q2-update.win32_1.4.0.202007081208/tools/bin/../lib/gcc/arm-none-eabi/7.3.1/../../../../arm-none-eabi/lib/thumb/v7e-m/fpv4-sp/hard\libc_nano.a(lib_a-init.o)
                              c:/st/stm32cubeide_1.0.2/stm32cubeide/plugins/com.st.stm32cube.ide.mcu.externaltools.gnu-tools-for-stm32.7-2018-q2-update.win32_1.4.0.202007081208/tools/bin/../lib/gcc/arm-none-eabi/7.3.1/../../../../arm-none-eabi/lib/thumb/v7e-m/fpv4-sp/hard/rdimon-crt0.o (__libc_init_array)
c:/st/stm32cubeide_1.0.2/stm32cubeide/plugins/com.st.stm32cube.ide.mcu.externaltools.gnu-tools-for-stm32.7-2018-q2-update.win32_1.4.0.202007081208/tools/bin/../lib/gcc/arm-none-eabi/7.3.1/../../../../arm-none-eabi/lib/thumb/v7e-m/fpv4-sp/hard\libc_nano.a(lib_a-memcmp.o)
                              Third-party/SEGGER/OS/SEGGER_SYSVIEW_FreeRTOS.o (memcmp)
c:/st/stm32cubeide_1.0.2/stm32cubeide/plugins/com.st.stm32cube.ide.mcu.externaltools.gnu-tools-for-stm32.7-2018-q2-update.win32_1.4.0.202007081208/tools/bin/../lib/gcc/arm-none-eabi/7.3.1/../../../../arm-none-eabi/lib/thumb/v7e-m/fpv4-sp/hard\libc_nano.a(lib_a-memcpy-stub.o)
                              Third-party/FreeRTOS/org/Source/queue.o (memcpy)
c:/st/stm32cubeide_1.0.2/stm32cubeide/plugins/com.st.stm32cube.ide.mcu.externaltools.gnu-tools-for-stm32.7-2018-q2-update.win32_1.4.0.202007081208/tools/bin/../lib/gcc/arm-none-eabi/7.3.1/../../../../arm-none-eabi/lib/thumb/v7e-m/fpv4-sp/hard\libc_nano.a(lib_a-memset.o)
                              c:/st/stm32cubeide_1.0.2/stm32cubeide/plugins/com.st.stm32cube.ide.mcu.externaltools.gnu-tools-for-stm32.7-2018-q2-update.win32_1.4.0.202007081208/tools/bin/../lib/gcc/arm-none-eabi/7.3.1/../../../../arm-none-eabi/lib/thumb/v7e-m/fpv4-sp/hard/rdimon-crt0.o (memset)
c:/st/stm32cubeide_1.0.2/stm32cubeide/plugins/com.st.stm32cube.ide.mcu.externaltools.gnu-tools-for-stm32.7-2018-q2-update.win32_1.4.0.202007081208/tools/bin/../lib/gcc/arm-none-eabi/7.3.1/../../../../arm-none-eabi/lib/thumb/v7e-m/fpv4-sp/hard\libc_nano.a(lib_a-strlen.o)
                              Third-party/SEGGER/SEGGER/SEGGER_RTT.o (strlen)
c:/st/stm32cubeide_1.0.2/stm32cubeide/plugins/com.st.stm32cube.ide.mcu.externaltools.gnu-tools-for-stm32.7-2018-q2-update.win32_1.4.0.202007081208/tools/bin/../lib/gcc/arm-none-eabi/7.3.1/../../../../arm-none-eabi/lib/thumb/v7e-m/fpv4-sp/hard\librdimon_nano.a(rdimon-syscalls.o)
                              c:/st/stm32cubeide_1.0.2/stm32cubeide/plugins/com.st.stm32cube.ide.mcu.externaltools.gnu-tools-for-stm32.7-2018-q2-update.win32_1.4.0.202007081208/tools/bin/../lib/gcc/arm-none-eabi/7.3.1/../../../../arm-none-eabi/lib/thumb/v7e-m/fpv4-sp/hard/rdimon-crt0.o (initialise_monitor_handles)
c:/st/stm32cubeide_1.0.2/stm32cubeide/plugins/com.st.stm32cube.ide.mcu.externaltools.gnu-tools-for-stm32.7-2018-q2-update.win32_1.4.0.202007081208/tools/bin/../lib/gcc/arm-none-eabi/7.3.1/../../../../arm-none-eabi/lib/thumb/v7e-m/fpv4-sp/hard\librdimon_nano.a(rdimon-_exit.o)
                              c:/st/stm32cubeide_1.0.2/stm32cubeide/plugins/com.st.stm32cube.ide.mcu.externaltools.gnu-tools-for-stm32.7-2018-q2-update.win32_1.4.0.202007081208/tools/bin/../lib/gcc/arm-none-eabi/7.3.1/../../../../arm-none-eabi/lib/thumb/v7e-m/fpv4-sp/hard\libc_nano.a(lib_a-exit.o) (_exit)
c:/st/stm32cubeide_1.0.2/stm32cubeide/plugins/com.st.stm32cube.ide.mcu.externaltools.gnu-tools-for-stm32.7-2018-q2-update.win32_1.4.0.202007081208/tools/bin/../lib/gcc/arm-none-eabi/7.3.1/../../../../arm-none-eabi/lib/thumb/v7e-m/fpv4-sp/hard\librdimon_nano.a(rdimon-_kill.o)
[...]
Memory Configuration

Name             Origin             Length             Attributes
RAM              0x0000000020000000 0x0000000000020000 xrw
ROM              0x0000000008000000 0x0000000000080000 xr
*default*        0x0000000000000000 0xffffffffffffffff

Linker script and memory map

LOAD c:/st/stm32cubeide_1.0.2/stm32cubeide/plugins/com.st.stm32cube.ide.mcu.externaltools.gnu-tools-for-stm32.7-2018-q2-update.win32_1.4.0.202007081208/tools/bin/../lib/gcc/arm-none-eabi/7.3.1/thumb/v7e-m/fpv4-sp/hard/crti.o
LOAD c:/st/stm32cubeide_1.0.2/stm32cubeide/plugins/com.st.stm32cube.ide.mcu.externaltools.gnu-tools-for-stm32.7-2018-q2-update.win32_1.4.0.202007081208/tools/bin/../lib/gcc/arm-none-eabi/7.3.1/thumb/v7e-m/fpv4-sp/hard/crtbegin.o
LOAD c:/st/stm32cubeide_1.0.2/stm32cubeide/plugins/com.st.stm32cube.ide.mcu.externaltools.gnu-tools-for-stm32.7-2018-q2-update.win32_1.4.0.202007081208/tools/bin/../lib/gcc/arm-none-eabi/7.3.1/../../../../arm-none-eabi/lib/thumb/v7e-m/fpv4-sp/hard/rdimon-crt0.o
LOAD StdPeriph_Driver/src/misc.o
LOAD StdPeriph_Driver/src/stm32f4xx_adc.o
LOAD StdPeriph_Driver/src/stm32f4xx_can.o
LOAD StdPeriph_Driver/src/stm32f4xx_cec.o
LOAD StdPeriph_Driver/src/stm32f4xx_crc.o
LOAD StdPeriph_Driver/src/stm32f4xx_cryp.o
LOAD StdPeriph_Driver/src/stm32f4xx_cryp_aes.o
LOAD StdPeriph_Driver/src/stm32f4xx_cryp_des.o
LOAD StdPeriph_Driver/src/stm32f4xx_cryp_tdes.o
LOAD StdPeriph_Driver/src/stm32f4xx_dac.o
LOAD StdPeriph_Driver/src/stm32f4xx_dbgmcu.o
LOAD StdPeriph_Driver/src/stm32f4xx_dcmi.o
LOAD StdPeriph_Driver/src/stm32f4xx_dfsdm.o
LOAD StdPeriph_Driver/src/stm32f4xx_dma.o
LOAD StdPeriph_Driver/src/stm32f4xx_dma2d.o
LOAD StdPeriph_Driver/src/stm32f4xx_dsi.o
LOAD StdPeriph_Driver/src/stm32f4xx_exti.o
LOAD StdPeriph_Driver/src/stm32f4xx_flash.o
LOAD StdPeriph_Driver/src/stm32f4xx_flash_ramfunc.o
LOAD StdPeriph_Driver/src/stm32f4xx_fmc.o
LOAD StdPeriph_Driver/src/stm32f4xx_fmip2c.o
LOAD StdPeriph_Driver/src/stm32f4xx_fsmc.o
LOAD StdPeriph_Driver/src/stm32f4xx_gpio.o
LOAD StdPeriph_Driver/src/stm32f4xx_hash.o
LOAD StdPeriph_Driver/src/stm32f4xx_hash_md5.o
LOAD StdPeriph_Driver/src/stm32f4xx_hash_sha1.o
LOAD StdPeriph_Driver/src/stm32f4xx_i2c.o
LOAD StdPeriph_Driver/src/stm32f4xx_iwdg.o
LOAD StdPeriph_Driver/src/stm32f4xx_lptim.o
LOAD StdPeriph_Driver/src/stm32f4xx_ltdc.o
LOAD StdPeriph_Driver/src/stm32f4xx_pwr.o
LOAD StdPeriph_Driver/src/stm32f4xx_qspi.o
LOAD StdPeriph_Driver/src/stm32f4xx_rcc.o
LOAD StdPeriph_Driver/src/stm32f4xx_rng.o
LOAD StdPeriph_Driver/src/stm32f4xx_rtc.o
LOAD StdPeriph_Driver/src/stm32f4xx_sai.o
LOAD StdPeriph_Driver/src/stm32f4xx_sdio.o
LOAD StdPeriph_Driver/src/stm32f4xx_spdifrx.o
LOAD StdPeriph_Driver/src/stm32f4xx_spi.o
LOAD StdPeriph_Driver/src/stm32f4xx_syscfg.o
LOAD StdPeriph_Driver/src/stm32f4xx_tim.o
LOAD StdPeriph_Driver/src/stm32f4xx_usart.o
LOAD StdPeriph_Driver/src/stm32f4xx_wwdg.o
LOAD Third-party/FreeRTOS/org/Source/croutine.o
LOAD Third-party/FreeRTOS/org/Source/event_groups.o
LOAD Third-party/FreeRTOS/org/Source/list.o
LOAD Third-party/FreeRTOS/org/Source/queue.o
LOAD Third-party/FreeRTOS/org/Source/stream_buffer.o
LOAD Third-party/FreeRTOS/org/Source/tasks.o
LOAD Third-party/FreeRTOS/org/Source/timers.o
LOAD Third-party/FreeRTOS/org/Source/portable/GCC/ARM_CM4F/port.o
LOAD Third-party/FreeRTOS/org/Source/portable/MemMang/heap_4.o
LOAD Third-party/SEGGER/Config/SEGGER_SYSVIEW_Config_FreeRTOS.o
LOAD Third-party/SEGGER/OS/SEGGER_SYSVIEW_FreeRTOS.o
LOAD Third-party/SEGGER/SEGGER/SEGGER_RTT.o
LOAD Third-party/SEGGER/SEGGER/SEGGER_SYSVIEW.o
LOAD src/main.o
LOAD src/system_stm32f4xx.o
LOAD startup/startup_stm32.o
LOAD c:/st/stm32cubeide_1.0.2/stm32cubeide/plugins/com.st.stm32cube.ide.mcu.externaltools.gnu-tools-for-stm32.7-2018-q2-update.win32_1.4.0.202007081208/tools/bin/../lib/gcc/arm-none-eabi/7.3.1/../../../../arm-none-eabi/lib/thumb/v7e-m/fpv4-sp/hard\libc_nano.a
LOAD c:/st/stm32cubeide_1.0.2/stm32cubeide/plugins/com.st.stm32cube.ide.mcu.externaltools.gnu-tools-for-stm32.7-2018-q2-update.win32_1.4.0.202007081208/tools/bin/../lib/gcc/arm-none-eabi/7.3.1/../../../../arm-none-eabi/lib/thumb/v7e-m/fpv4-sp/hard\librdimon_nano.a
START GROUP
LOAD c:/st/stm32cubeide_1.0.2/stm32cubeide/plugins/com.st.stm32cube.ide.mcu.externaltools.gnu-tools-for-stm32.7-2018-q2-update.win32_1.4.0.202007081208/tools/bin/../lib/gcc/arm-none-eabi/7.3.1/../../../../arm-none-eabi/lib/thumb/v7e-m/fpv4-sp/hard\libc_nano.a
LOAD c:/st/stm32cubeide_1.0.2/stm32cubeide/plugins/com.st.stm32cube.ide.mcu.externaltools.gnu-tools-for-stm32.7-2018-q2-update.win32_1.4.0.202007081208/tools/bin/../lib/gcc/arm-none-eabi/7.3.1/../../../../arm-none-eabi/lib/thumb/v7e-m/fpv4-sp/hard\libm.a
END GROUP
START GROUP
LOAD c:/st/stm32cubeide_1.0.2/stm32cubeide/plugins/com.st.stm32cube.ide.mcu.externaltools.gnu-tools-for-stm32.7-2018-q2-update.win32_1.4.0.202007081208/tools/bin/../lib/gcc/arm-none-eabi/7.3.1/thumb/v7e-m/fpv4-sp/hard\libgcc.a
LOAD c:/st/stm32cubeide_1.0.2/stm32cubeide/plugins/com.st.stm32cube.ide.mcu.externaltools.gnu-tools-for-stm32.7-2018-q2-update.win32_1.4.0.202007081208/tools/bin/../lib/gcc/arm-none-eabi/7.3.1/../../../../arm-none-eabi/lib/thumb/v7e-m/fpv4-sp/hard\libc_nano.a
END GROUP
START GROUP
LOAD c:/st/stm32cubeide_1.0.2/stm32cubeide/plugins/com.st.stm32cube.ide.mcu.externaltools.gnu-tools-for-stm32.7-2018-q2-update.win32_1.4.0.202007081208/tools/bin/../lib/gcc/arm-none-eabi/7.3.1/thumb/v7e-m/fpv4-sp/hard\libgcc.a
LOAD c:/st/stm32cubeide_1.0.2/stm32cubeide/plugins/com.st.stm32cube.ide.mcu.externaltools.gnu-tools-for-stm32.7-2018-q2-update.win32_1.4.0.202007081208/tools/bin/../lib/gcc/arm-none-eabi/7.3.1/../../../../arm-none-eabi/lib/thumb/v7e-m/fpv4-sp/hard\libc_nano.a
LOAD c:/st/stm32cubeide_1.0.2/stm32cubeide/plugins/com.st.stm32cube.ide.mcu.externaltools.gnu-tools-for-stm32.7-2018-q2-update.win32_1.4.0.202007081208/tools/bin/../lib/gcc/arm-none-eabi/7.3.1/../../../../arm-none-eabi/lib/thumb/v7e-m/fpv4-sp/hard\libnosys.a
END GROUP
START GROUP
LOAD c:/st/stm32cubeide_1.0.2/stm32cubeide/plugins/com.st.stm32cube.ide.mcu.externaltools.gnu-tools-for-stm32.7-2018-q2-update.win32_1.4.0.202007081208/tools/bin/../lib/gcc/arm-none-eabi/7.3.1/thumb/v7e-m/fpv4-sp/hard\libgcc.a
LOAD c:/st/stm32cubeide_1.0.2/stm32cubeide/plugins/com.st.stm32cube.ide.mcu.externaltools.gnu-tools-for-stm32.7-2018-q2-update.win32_1.4.0.202007081208/tools/bin/../lib/gcc/arm-none-eabi/7.3.1/../../../../arm-none-eabi/lib/thumb/v7e-m/fpv4-sp/hard\libc_nano.a
LOAD c:/st/stm32cubeide_1.0.2/stm32cubeide/plugins/com.st.stm32cube.ide.mcu.externaltools.gnu-tools-for-stm32.7-2018-q2-update.win32_1.4.0.202007081208/tools/bin/../lib/gcc/arm-none-eabi/7.3.1/../../../../arm-none-eabi/lib/thumb/v7e-m/fpv4-sp/hard\librdimon_nano.a
END GROUP
START GROUP
LOAD c:/st/stm32cubeide_1.0.2/stm32cubeide/plugins/com.st.stm32cube.ide.mcu.externaltools.gnu-tools-for-stm32.7-2018-q2-update.win32_1.4.0.202007081208/tools/bin/../lib/gcc/arm-none-eabi/7.3.1/thumb/v7e-m/fpv4-sp/hard\libgcc.a
LOAD c:/st/stm32cubeide_1.0.2/stm32cubeide/plugins/com.st.stm32cube.ide.mcu.externaltools.gnu-tools-for-stm32.7-2018-q2-update.win32_1.4.0.202007081208/tools/bin/../lib/gcc/arm-none-eabi/7.3.1/../../../../arm-none-eabi/lib/thumb/v7e-m/fpv4-sp/hard\libc_nano.a
LOAD c:/st/stm32cubeide_1.0.2/stm32cubeide/plugins/com.st.stm32cube.ide.mcu.externaltools.gnu-tools-for-stm32.7-2018-q2-update.win32_1.4.0.202007081208/tools/bin/../lib/gcc/arm-none-eabi/7.3.1/../../../../arm-none-eabi/lib/thumb/v7e-m/fpv4-sp/hard\librdimon_nano.a
LOAD c:/st/stm32cubeide_1.0.2/stm32cubeide/plugins/com.st.stm32cube.ide.mcu.externaltools.gnu-tools-for-stm32.7-2018-q2-update.win32_1.4.0.202007081208/tools/bin/../lib/gcc/arm-none-eabi/7.3.1/../../../../arm-none-eabi/lib/thumb/v7e-m/fpv4-sp/hard\libnosys.a
END GROUP
LOAD c:/st/stm32cubeide_1.0.2/stm32cubeide/plugins/com.st.stm32cube.ide.mcu.externaltools.gnu-tools-for-stm32.7-2018-q2-update.win32_1.4.0.202007081208/tools/bin/../lib/gcc/arm-none-eabi/7.3.1/thumb/v7e-m/fpv4-sp/hard/crtend.o
LOAD c:/st/stm32cubeide_1.0.2/stm32cubeide/plugins/com.st.stm32cube.ide.mcu.externaltools.gnu-tools-for-stm32.7-2018-q2-update.win32_1.4.0.202007081208/tools/bin/../lib/gcc/arm-none-eabi/7.3.1/thumb/v7e-m/fpv4-sp/hard/crtn.o
                0x0000000020020000                _estack = (ORIGIN (RAM) + LENGTH (RAM))
                0x0000000000000200                _Min_Heap_Size = 0x200
                0x0000000000000400                _Min_Stack_Size = 0x400

.isr_vector     0x0000000008000000      0x1c4
                0x0000000008000000                . = ALIGN (0x4)
 *(.isr_vector)
 .isr_vector    0x0000000008000000      0x1c4 startup/startup_stm32.o
                0x0000000008000000                g_pfnVectors
                0x00000000080001c4                . = ALIGN (0x4)

.text           0x00000000080001d0     0x3768
                0x00000000080001d0                . = ALIGN (0x4)
 *(.text)
 .text          0x00000000080001d0       0x40 c:/st/stm32cubeide_1.0.2/stm32cubeide/plugins/com.st.stm32cube.ide.mcu.externaltools.gnu-tools-for-stm32.7-2018-q2-update.win32_1.4.0.202007081208/tools/bin/../lib/gcc/arm-none-eabi/7.3.1/thumb/v7e-m/fpv4-sp/hard/crtbegin.o
 .text          0x0000000008000210       0x10 c:/st/stm32cubeide_1.0.2/stm32cubeide/plugins/com.st.stm32cube.ide.mcu.externaltools.gnu-tools-for-stm32.7-2018-q2-update.win32_1.4.0.202007081208/tools/bin/../lib/gcc/arm-none-eabi/7.3.1/../../../../arm-none-eabi/lib/thumb/v7e-m/fpv4-sp/hard\libc_nano.a(lib_a-strlen.o)
                0x0000000008000210                strlen
 *(.text*)
 .text.GPIO_Init
                0x0000000008000220      0x11c StdPeriph_Driver/src/stm32f4xx_gpio.o
                0x0000000008000220                GPIO_Init
 .text.GPIO_ReadInputDataBit
                0x000000000800033c       0x34 StdPeriph_Driver/src/stm32f4xx_gpio.o
                0x000000000800033c                GPIO_ReadInputDataBit
 .text.GPIO_WriteBit
                0x0000000008000370       0x30 StdPeriph_Driver/src/stm32f4xx_gpio.o
                0x0000000008000370                GPIO_WriteBit
 .text.GPIO_PinAFConfig
                0x00000000080003a0       0x92 StdPeriph_Driver/src/stm32f4xx_gpio.o
                0x00000000080003a0                GPIO_PinAFConfig
 *fill*         0x0000000008000432        0x2 
 .text.RCC_DeInit
                0x0000000008000434       0x70 StdPeriph_Driver/src/stm32f4xx_rcc.o
                0x0000000008000434                RCC_DeInit
 .text.RCC_GetClocksFreq
                0x00000000080004a4      0x1f4 StdPeriph_Driver/src/stm32f4xx_rcc.o
                0x00000000080004a4                RCC_GetClocksFreq
 .text.RCC_AHB1PeriphClockCmd
                0x0000000008000698       0x40 StdPeriph_Driver/src/stm32f4xx_rcc.o
                0x0000000008000698                RCC_AHB1PeriphClockCmd
 .text.RCC_APB1PeriphClockCmd
                0x00000000080006d8       0x40 StdPeriph_Driver/src/stm32f4xx_rcc.o
                0x00000000080006d8                RCC_APB1PeriphClockCmd
 .text.USART_Init
                0x0000000008000718      0x174 StdPeriph_Driver/src/stm32f4xx_usart.o
                0x0000000008000718                USART_Init
 .text.USART_Cmd
                0x000000000800088c       0x40 StdPeriph_Driver/src/stm32f4xx_usart.o
                0x000000000800088c                USART_Cmd
 .text.USART_SendData
                0x00000000080008cc       0x24 StdPeriph_Driver/src/stm32f4xx_usart.o
                0x00000000080008cc                USART_SendData
 .text.USART_GetFlagStatus
                0x00000000080008f0       0x38 StdPeriph_Driver/src/stm32f4xx_usart.o
                0x00000000080008f0                USART_GetFlagStatus
 .text.vListInitialise
                0x0000000008000928       0x40 Third-party/FreeRTOS/org/Source/list.o
                0x0000000008000928                vListInitialise
 .text.vListInitialiseItem
                0x0000000008000968       0x1a Third-party/FreeRTOS/org/Source/list.o
                0x0000000008000968                vListInitialiseItem
 .text.vListInsertEnd
                0x0000000008000982       0x48 Third-party/FreeRTOS/org/Source/list.o
                0x0000000008000982                vListInsertEnd
 .text.uxListRemove
                0x00000000080009ca       0x54 Third-party/FreeRTOS/org/Source/list.o
                0x00000000080009ca                uxListRemove
 .text.xTaskCreate
                0x0000000008000a1e       0x82 Third-party/FreeRTOS/org/Source/tasks.o
                0x0000000008000a1e                xTaskCreate
 .text.prvInitialiseNewTask
                0x0000000008000aa0      0x11c Third-party/FreeRTOS/org/Source/tasks.o
 .text.prvAddNewTaskToReadyList
                0x0000000008000bbc      0x118 Third-party/FreeRTOS/org/Source/tasks.o
 .text.vTaskStartScheduler
                0x0000000008000cd4       0xac Third-party/FreeRTOS/org/Source/tasks.o
                0x0000000008000cd4                vTaskStartScheduler
 .text.vTaskSuspendAll
                0x0000000008000d80       0x1c Third-party/FreeRTOS/org/Source/tasks.o
                0x0000000008000d80                vTaskSuspendAll
 .text.xTaskResumeAll
                0x0000000008000d9c      0x140 Third-party/FreeRTOS/org/Source/tasks.o
                0x0000000008000d9c                xTaskResumeAll
 .text.xTaskGetTickCountFromISR
                0x0000000008000edc       0x24 Third-party/FreeRTOS/org/Source/tasks.o
                0x0000000008000edc                xTaskGetTickCountFromISR
 .text.xTaskIncrementTick
                0x0000000008000f00      0x178 Third-party/FreeRTOS/org/Source/tasks.o
                0x0000000008000f00                xTaskIncrementTick
 .text.vTaskSwitchContext
                0x0000000008001078       0xd0 Third-party/FreeRTOS/org/Source/tasks.o
                0x0000000008001078                vTaskSwitchContext
 .text.prvIdleTask
                0x0000000008001148       0x30 Third-party/FreeRTOS/org/Source/tasks.o
 .text.prvInitialiseTaskLists
                0x0000000008001178       0x80 Third-party/FreeRTOS/org/Source/tasks.o
 .text.prvCheckTasksWaitingTermination
                0x00000000080011f8       0x58 Third-party/FreeRTOS/org/Source/tasks.o
 .text.prvDeleteTCB
                0x0000000008001250       0x20 Third-party/FreeRTOS/org/Source/tasks.o
 .text.prvResetNextTaskUnblockTime
                0x0000000008001270       0x40 Third-party/FreeRTOS/org/Source/tasks.o
 .text.pxPortInitialiseStack
                0x00000000080012b0       0x68 Third-party/FreeRTOS/org/Source/portable/GCC/ARM_CM4F/port.o
                0x00000000080012b0                pxPortInitialiseStack
 .text.prvTaskExitError
                0x0000000008001318       0x54 Third-party/FreeRTOS/org/Source/portable/GCC/ARM_CM4F/port.o
 *fill*         0x000000000800136c        0x4 
 .text.SVC_Handler
                0x0000000008001370       0x28 Third-party/FreeRTOS/org/Source/portable/GCC/ARM_CM4F/port.o
                0x0000000008001370                SVC_Handler
 .text.prvPortStartFirstTask
                0x0000000008001398       0x28 Third-party/FreeRTOS/org/Source/portable/GCC/ARM_CM4F/port.o
 .text.xPortStartScheduler
                0x00000000080013c0      0x13c Third-party/FreeRTOS/org/Source/portable/GCC/ARM_CM4F/port.o
                0x00000000080013c0                xPortStartScheduler
 .text.vPortEnterCritical
                0x00000000080014fc       0x5c Third-party/FreeRTOS/org/Source/portable/GCC/ARM_CM4F/port.o
                0x00000000080014fc                vPortEnterCritical
 .text.vPortExitCritical
                0x0000000008001558       0x50 Third-party/FreeRTOS/org/Source/portable/GCC/ARM_CM4F/port.o
                0x0000000008001558                vPortExitCritical
 *fill*         0x00000000080015a8        0x8 
 .text.PendSV_Handler
                0x00000000080015b0       0x68 Third-party/FreeRTOS/org/Source/portable/GCC/ARM_CM4F/port.o
                0x00000000080015b0                PendSV_Handler
 .text.SysTick_Handler
                0x0000000008001618       0x50 Third-party/FreeRTOS/org/Source/portable/GCC/ARM_CM4F/port.o
                0x0000000008001618                SysTick_Handler
 .text.vPortSetupTimerInterrupt
                0x0000000008001668       0x48 Third-party/FreeRTOS/org/Source/portable/GCC/ARM_CM4F/port.o
                0x0000000008001668                vPortSetupTimerInterrupt
 .text.vPortEnableVFP
                0x00000000080016b0       0x14 Third-party/FreeRTOS/org/Source/portable/GCC/ARM_CM4F/port.o
 .text.vPortValidateInterruptPriority
                0x00000000080016c4       0x7c Third-party/FreeRTOS/org/Source/portable/GCC/ARM_CM4F/port.o
                0x00000000080016c4                vPortValidateInterruptPriority
 .text.pvPortMalloc
                0x0000000008001740      0x190 Third-party/FreeRTOS/org/Source/portable/MemMang/heap_4.o
                0x0000000008001740                pvPortMalloc
 .text.vPortFree
                0x00000000080018d0       0xc0 Third-party/FreeRTOS/org/Source/portable/MemMang/heap_4.o
                0x00000000080018d0                vPortFree
 .text.prvHeapInit
                0x0000000008001990       0xc4 Third-party/FreeRTOS/org/Source/portable/MemMang/heap_4.o
 .text.prvInsertBlockIntoFreeList
                0x0000000008001a54       0xb4 Third-party/FreeRTOS/org/Source/portable/MemMang/heap_4.o
 .text._cbSendSystemDesc
                0x0000000008001b08       0x1c Third-party/SEGGER/Config/SEGGER_SYSVIEW_Config_FreeRTOS.o
 .text.SEGGER_SYSVIEW_Conf
                0x0000000008001b24       0x2c Third-party/SEGGER/Config/SEGGER_SYSVIEW_Config_FreeRTOS.o
                0x0000000008001b24                SEGGER_SYSVIEW_Conf
 .text._cbSendTaskList
                0x0000000008001b50       0x90 Third-party/SEGGER/OS/SEGGER_SYSVIEW_FreeRTOS.o
 .text._cbGetTime
                0x0000000008001be0       0x76 Third-party/SEGGER/OS/SEGGER_SYSVIEW_FreeRTOS.o
 *fill*         0x0000000008001c56        0x2 
 .text.SYSVIEW_AddTask
                0x0000000008001c58       0xd0 Third-party/SEGGER/OS/SEGGER_SYSVIEW_FreeRTOS.o
                0x0000000008001c58                SYSVIEW_AddTask
 .text.SYSVIEW_SendTaskInfo
                0x0000000008001d28       0x42 Third-party/SEGGER/OS/SEGGER_SYSVIEW_FreeRTOS.o
                0x0000000008001d28                SYSVIEW_SendTaskInfo
 *fill*         0x0000000008001d6a        0x2 
 .text._DoInit  0x0000000008001d6c       0xa4 Third-party/SEGGER/SEGGER/SEGGER_RTT.o
 .text.SEGGER_RTT_ReadNoLock
                0x0000000008001e10      0x104 Third-party/SEGGER/SEGGER/SEGGER_RTT.o
                0x0000000008001e10                SEGGER_RTT_ReadNoLock
 .text.SEGGER_RTT_WriteSkipNoLock
                0x0000000008001f14      0x120 Third-party/SEGGER/SEGGER/SEGGER_RTT.o
                0x0000000008001f14                SEGGER_RTT_WriteSkipNoLock
 .text.SEGGER_RTT_ConfigUpBuffer
                0x0000000008002034       0xd4 Third-party/SEGGER/SEGGER/SEGGER_RTT.o
                0x0000000008002034                SEGGER_RTT_ConfigUpBuffer
 .text.SEGGER_RTT_ConfigDownBuffer
                0x0000000008002108       0xd4 Third-party/SEGGER/SEGGER/SEGGER_RTT.o
                0x0000000008002108                SEGGER_RTT_ConfigDownBuffer
 .text._EncodeStr
                0x00000000080021dc       0x9a Third-party/SEGGER/SEGGER/SEGGER_SYSVIEW.o
 .text._PreparePacket
                0x0000000008002276       0x18 Third-party/SEGGER/SEGGER/SEGGER_SYSVIEW.o
 .text._HandleIncomingPacket
                0x000000000800228e       0xb8 Third-party/SEGGER/SEGGER/SEGGER_SYSVIEW.o
 *fill*         0x0000000008002346        0x2 
 .text._TrySendOverflowPacket
                0x0000000008002348       0xe0 Third-party/SEGGER/SEGGER/SEGGER_SYSVIEW.o
 .text._SendPacket
                0x0000000008002428      0x1a8 Third-party/SEGGER/SEGGER/SEGGER_SYSVIEW.o
 .text.SEGGER_SYSVIEW_Init
                0x00000000080025d0       0x7c Third-party/SEGGER/SEGGER/SEGGER_SYSVIEW.o
                0x00000000080025d0                SEGGER_SYSVIEW_Init
 .text.SEGGER_SYSVIEW_SetRAMBase
                0x000000000800264c       0x20 Third-party/SEGGER/SEGGER/SEGGER_SYSVIEW.o
                0x000000000800264c                SEGGER_SYSVIEW_SetRAMBase
 .text.SEGGER_SYSVIEW_RecordVoid
                0x000000000800266c       0x3c Third-party/SEGGER/SEGGER/SEGGER_SYSVIEW.o
                0x000000000800266c                SEGGER_SYSVIEW_RecordVoid
 .text.SEGGER_SYSVIEW_RecordU32
                0x00000000080026a8       0x78 Third-party/SEGGER/SEGGER/SEGGER_SYSVIEW.o
                0x00000000080026a8                SEGGER_SYSVIEW_RecordU32
 .text.SEGGER_SYSVIEW_RecordU32x2
                0x0000000008002720       0xb4 Third-party/SEGGER/SEGGER/SEGGER_SYSVIEW.o
                0x0000000008002720                SEGGER_SYSVIEW_RecordU32x2
 .text.SEGGER_SYSVIEW_Start
                0x00000000080027d4      0x178 Third-party/SEGGER/SEGGER/SEGGER_SYSVIEW.o
                0x00000000080027d4                SEGGER_SYSVIEW_Start
 .text.SEGGER_SYSVIEW_Stop
                0x000000000800294c       0x4c Third-party/SEGGER/SEGGER/SEGGER_SYSVIEW.o
                0x000000000800294c                SEGGER_SYSVIEW_Stop
 .text.SEGGER_SYSVIEW_GetSysDesc
                0x0000000008002998      0x134 Third-party/SEGGER/SEGGER/SEGGER_SYSVIEW.o
                0x0000000008002998                SEGGER_SYSVIEW_GetSysDesc
 .text.SEGGER_SYSVIEW_SendTaskInfo
                0x0000000008002acc      0x1cc Third-party/SEGGER/SEGGER/SEGGER_SYSVIEW.o
                0x0000000008002acc                SEGGER_SYSVIEW_SendTaskInfo
 .text.SEGGER_SYSVIEW_SendTaskList
                0x0000000008002c98       0x28 Third-party/SEGGER/SEGGER/SEGGER_SYSVIEW.o
                0x0000000008002c98                SEGGER_SYSVIEW_SendTaskList
 .text.SEGGER_SYSVIEW_SendSysDesc
                0x0000000008002cc0       0x48 Third-party/SEGGER/SEGGER/SEGGER_SYSVIEW.o
                0x0000000008002cc0                SEGGER_SYSVIEW_SendSysDesc
 .text.SEGGER_SYSVIEW_RecordSystime
                0x0000000008002d08       0x60 Third-party/SEGGER/SEGGER/SEGGER_SYSVIEW.o
                0x0000000008002d08                SEGGER_SYSVIEW_RecordSystime
 .text.SEGGER_SYSVIEW_RecordEnterISR
                0x0000000008002d68       0x84 Third-party/SEGGER/SEGGER/SEGGER_SYSVIEW.o
                0x0000000008002d68                SEGGER_SYSVIEW_RecordEnterISR
 .text.SEGGER_SYSVIEW_RecordExitISR
                0x0000000008002dec       0x38 Third-party/SEGGER/SEGGER/SEGGER_SYSVIEW.o
                0x0000000008002dec                SEGGER_SYSVIEW_RecordExitISR
 .text.SEGGER_SYSVIEW_RecordExitISRToScheduler
                0x0000000008002e24       0x38 Third-party/SEGGER/SEGGER/SEGGER_SYSVIEW.o
                0x0000000008002e24                SEGGER_SYSVIEW_RecordExitISRToScheduler
 .text.SEGGER_SYSVIEW_OnIdle
                0x0000000008002e5c       0x38 Third-party/SEGGER/SEGGER/SEGGER_SYSVIEW.o
                0x0000000008002e5c                SEGGER_SYSVIEW_OnIdle
 .text.SEGGER_SYSVIEW_OnTaskCreate
                0x0000000008002e94       0x88 Third-party/SEGGER/SEGGER/SEGGER_SYSVIEW.o
                0x0000000008002e94                SEGGER_SYSVIEW_OnTaskCreate
 .text.SEGGER_SYSVIEW_OnTaskStartExec
                0x0000000008002f1c       0x88 Third-party/SEGGER/SEGGER/SEGGER_SYSVIEW.o
                0x0000000008002f1c                SEGGER_SYSVIEW_OnTaskStartExec
 .text.SEGGER_SYSVIEW_OnTaskStartReady
                0x0000000008002fa4       0x88 Third-party/SEGGER/SEGGER/SEGGER_SYSVIEW.o
                0x0000000008002fa4                SEGGER_SYSVIEW_OnTaskStartReady
 .text.SEGGER_SYSVIEW_SendModule
                0x000000000800302c      0x100 Third-party/SEGGER/SEGGER/SEGGER_SYSVIEW.o
                0x000000000800302c                SEGGER_SYSVIEW_SendModule
 .text.SEGGER_SYSVIEW_SendModuleDescription
                0x000000000800312c       0x3c Third-party/SEGGER/SEGGER/SEGGER_SYSVIEW.o
                0x000000000800312c                SEGGER_SYSVIEW_SendModuleDescription
 .text.SEGGER_SYSVIEW_SendNumModules
                0x0000000008003168       0x7c Third-party/SEGGER/SEGGER/SEGGER_SYSVIEW.o
                0x0000000008003168                SEGGER_SYSVIEW_SendNumModules
 .text.SEGGER_SYSVIEW_Warn
                0x00000000080031e4       0xb8 Third-party/SEGGER/SEGGER/SEGGER_SYSVIEW.o
                0x00000000080031e4                SEGGER_SYSVIEW_Warn
 .text.main     0x000000000800329c       0xa4 src/main.o
                0x000000000800329c                main
 .text.LED_Task_handler
                0x0000000008003340       0x30 src/main.o
                0x0000000008003340                LED_Task_handler
 .text.Button_Task_handler
                0x0000000008003370       0x30 src/main.o
                0x0000000008003370                Button_Task_handler
 .text.pvtHardwareSetup
                0x00000000080033a0       0x10 src/main.o
 .text.GPIO_Setup
                0x00000000080033b0       0x70 src/main.o
 .text.UART2_Setup
                0x0000000008003420       0x9c src/main.o
 .text.printmsg
                0x00000000080034bc       0x50 src/main.o
                0x00000000080034bc                printmsg
 .text.SystemInit
                0x000000000800350c       0x6c src/system_stm32f4xx.o
                0x000000000800350c                SystemInit
 .text.SystemCoreClockUpdate
                0x0000000008003578      0x19c src/system_stm32f4xx.o
                0x0000000008003578                SystemCoreClockUpdate
 .text.SetSysClock
                0x0000000008003714      0x12c src/system_stm32f4xx.o
 .text.Reset_Handler
                0x0000000008003840       0x50 startup/startup_stm32.o
                0x0000000008003840                Reset_Handler
 .text.Default_Handler
                0x0000000008003890        0x2 startup/startup_stm32.o
                0x0000000008003890                RTC_Alarm_IRQHandler
                0x0000000008003890                EXTI2_IRQHandler
                0x0000000008003890                TIM8_CC_IRQHandler
                0x0000000008003890                SPDIF_Rx_IRQHandler
                0x0000000008003890                DebugMon_Handler
                0x0000000008003890                SPI4_IRQHandler
                0x0000000008003890                TIM1_CC_IRQHandler
                0x0000000008003890                QuadSPI_IRQHandler
                0x0000000008003890                DMA2_Stream5_IRQHandler
                0x0000000008003890                HardFault_Handler
                0x0000000008003890                DMA1_Stream5_IRQHandler
                0x0000000008003890                PVD_IRQHandler
                0x0000000008003890                SDIO_IRQHandler
                0x0000000008003890                TAMP_STAMP_IRQHandler
                0x0000000008003890                NMI_Handler
                0x0000000008003890                CAN2_RX1_IRQHandler
                0x0000000008003890                EXTI3_IRQHandler
                0x0000000008003890                TIM8_TRG_COM_TIM14_IRQHandler
                0x0000000008003890                TIM1_UP_TIM10_IRQHandler
                0x0000000008003890                FMPI2C1_error_IRQHandler
                0x0000000008003890                TIM8_UP_TIM13_IRQHandler
                0x0000000008003890                I2C3_ER_IRQHandler
                0x0000000008003890                EXTI0_IRQHandler
                0x0000000008003890                I2C2_EV_IRQHandler
                0x0000000008003890                DMA1_Stream2_IRQHandler
                0x0000000008003890                CAN1_RX0_IRQHandler
                0x0000000008003890                FPU_IRQHandler
                0x0000000008003890                OTG_HS_WKUP_IRQHandler
                0x0000000008003890                UsageFault_Handler
                0x0000000008003890                CAN2_SCE_IRQHandler
                0x0000000008003890                DMA2_Stream2_IRQHandler
                0x0000000008003890                SPI1_IRQHandler
                0x0000000008003890                TIM6_DAC_IRQHandler
                0x0000000008003890                TIM1_BRK_TIM9_IRQHandler
                0x0000000008003890                DCMI_IRQHandler
                0x0000000008003890                CAN2_RX0_IRQHandler
                0x0000000008003890                DMA2_Stream3_IRQHandler
                0x0000000008003890                FMPI2C1_IRQHandler
                0x0000000008003890                SAI2_IRQHandler
                0x0000000008003890                USART6_IRQHandler
                0x0000000008003890                USART3_IRQHandler
                0x0000000008003890                CAN1_RX1_IRQHandler
                0x0000000008003890                UART5_IRQHandler
                0x0000000008003890                DMA2_Stream0_IRQHandler
                0x0000000008003890                TIM4_IRQHandler
                0x0000000008003890                I2C1_EV_IRQHandler
                0x0000000008003890                HDMI_CEC_IRQHandler
                0x0000000008003890                DMA1_Stream6_IRQHandler
                0x0000000008003890                DMA1_Stream1_IRQHandler
                0x0000000008003890                UART4_IRQHandler
                0x0000000008003890                TIM3_IRQHandler
                0x0000000008003890                RCC_IRQHandler
                0x0000000008003890                TIM8_BRK_TIM12_IRQHandler
                0x0000000008003890                Default_Handler
                0x0000000008003890                EXTI15_10_IRQHandler
                0x0000000008003890                ADC_IRQHandler
                0x0000000008003890                DMA1_Stream7_IRQHandler
                0x0000000008003890                TIM7_IRQHandler
                0x0000000008003890                CAN2_TX_IRQHandler
                0x0000000008003890                TIM5_IRQHandler
                0x0000000008003890                DMA2_Stream7_IRQHandler
                0x0000000008003890                I2C3_EV_IRQHandler
                0x0000000008003890                EXTI9_5_IRQHandler
                0x0000000008003890                RTC_WKUP_IRQHandler
                0x0000000008003890                SPI2_IRQHandler
                0x0000000008003890                OTG_HS_EP1_IN_IRQHandler
                0x0000000008003890                MemManage_Handler
                0x0000000008003890                DMA1_Stream0_IRQHandler
                0x0000000008003890                CAN1_TX_IRQHandler
                0x0000000008003890                EXTI4_IRQHandler
                0x0000000008003890                OTG_HS_EP1_OUT_IRQHandler
                0x0000000008003890                WWDG_IRQHandler
                0x0000000008003890                TIM2_IRQHandler
                0x0000000008003890                OTG_FS_WKUP_IRQHandler
                0x0000000008003890                TIM1_TRG_COM_TIM11_IRQHandler
                0x0000000008003890                OTG_HS_IRQHandler
                0x0000000008003890                EXTI1_IRQHandler
                0x0000000008003890                USART2_IRQHandler
                0x0000000008003890                I2C2_ER_IRQHandler
                0x0000000008003890                DMA2_Stream1_IRQHandler
                0x0000000008003890                CAN1_SCE_IRQHandler
                0x0000000008003890                FLASH_IRQHandler
                0x0000000008003890                DMA2_Stream4_IRQHandler
                0x0000000008003890                BusFault_Handler
                0x0000000008003890                USART1_IRQHandler
                0x0000000008003890                OTG_FS_IRQHandler
                0x0000000008003890                SPI3_IRQHandler
                0x0000000008003890                DMA1_Stream4_IRQHandler
                0x0000000008003890                I2C1_ER_IRQHandler
                0x0000000008003890                FMC_IRQHandler
                0x0000000008003890                DMA2_Stream6_IRQHandler
                0x0000000008003890                SAI1_IRQHandler
                0x0000000008003890                DMA1_Stream3_IRQHandler
 *fill*         0x0000000008003892        0x2 
 .text.__libc_init_array
                0x0000000008003894       0x48 c:/st/stm32cubeide_1.0.2/stm32cubeide/plugins/com.st.stm32cube.ide.mcu.externaltools.gnu-tools-for-stm32.7-2018-q2-update.win32_1.4.0.202007081208/tools/bin/../lib/gcc/arm-none-eabi/7.3.1/../../../../arm-none-eabi/lib/thumb/v7e-m/fpv4-sp/hard\libc_nano.a(lib_a-init.o)
                0x0000000008003894                __libc_init_array
 .text.memcmp   0x00000000080038dc       0x1e c:/st/stm32cubeide_1.0.2/stm32cubeide/plugins/com.st.stm32cube.ide.mcu.externaltools.gnu-tools-for-stm32.7-2018-q2-update.win32_1.4.0.202007081208/tools/bin/../lib/gcc/arm-none-eabi/7.3.1/../../../../arm-none-eabi/lib/thumb/v7e-m/fpv4-sp/hard\libc_nano.a(lib_a-memcmp.o)
                0x00000000080038dc                memcmp
 .text.memcpy   0x00000000080038fa       0x16 c:/st/stm32cubeide_1.0.2/stm32cubeide/plugins/com.st.stm32cube.ide.mcu.externaltools.gnu-tools-for-stm32.7-2018-q2-update.win32_1.4.0.202007081208/tools/bin/../lib/gcc/arm-none-eabi/7.3.1/../../../../arm-none-eabi/lib/thumb/v7e-m/fpv4-sp/hard\libc_nano.a(lib_a-memcpy-stub.o)
                0x00000000080038fa                memcpy
 .text.memset   0x0000000008003910       0x10 c:/st/stm32cubeide_1.0.2/stm32cubeide/plugins/com.st.stm32cube.ide.mcu.externaltools.gnu-tools-for-stm32.7-2018-q2-update.win32_1.4.0.202007081208/tools/bin/../lib/gcc/arm-none-eabi/7.3.1/../../../../arm-none-eabi/lib/thumb/v7e-m/fpv4-sp/hard\libc_nano.a(lib_a-memset.o)
                0x0000000008003910                memset
 *(.glue_7)
 .glue_7        0x0000000008003920        0x0 linker stubs
 *(.glue_7t)
 .glue_7t       0x0000000008003920        0x0 linker stubs
 *(.eh_frame)
 .eh_frame      0x0000000008003920        0x0 c:/st/stm32cubeide_1.0.2/stm32cubeide/plugins/com.st.stm32cube.ide.mcu.externaltools.gnu-tools-for-stm32.7-2018-q2-update.win32_1.4.0.202007081208/tools/bin/../lib/gcc/arm-none-eabi/7.3.1/thumb/v7e-m/fpv4-sp/hard/crtbegin.o
 *(.init)
 .init          0x0000000008003920        0x4 c:/st/stm32cubeide_1.0.2/stm32cubeide/plugins/com.st.stm32cube.ide.mcu.externaltools.gnu-tools-for-stm32.7-2018-q2-update.win32_1.4.0.202007081208/tools/bin/../lib/gcc/arm-none-eabi/7.3.1/thumb/v7e-m/fpv4-sp/hard/crti.o
                0x0000000008003920                _init
 .init          0x0000000008003924        0x8 c:/st/stm32cubeide_1.0.2/stm32cubeide/plugins/com.st.stm32cube.ide.mcu.externaltools.gnu-tools-for-stm32.7-2018-q2-update.win32_1.4.0.202007081208/tools/bin/../lib/gcc/arm-none-eabi/7.3.1/thumb/v7e-m/fpv4-sp/hard/crtn.o
 *(.fini)
 .fini          0x000000000800392c        0x4 c:/st/stm32cubeide_1.0.2/stm32cubeide/plugins/com.st.stm32cube.ide.mcu.externaltools.gnu-tools-for-stm32.7-2018-q2-update.win32_1.4.0.202007081208/tools/bin/../lib/gcc/arm-none-eabi/7.3.1/thumb/v7e-m/fpv4-sp/hard/crti.o
                0x000000000800392c                _fini
 .fini          0x0000000008003930        0x8 c:/st/stm32cubeide_1.0.2/stm32cubeide/plugins/com.st.stm32cube.ide.mcu.externaltools.gnu-tools-for-stm32.7-2018-q2-update.win32_1.4.0.202007081208/tools/bin/../lib/gcc/arm-none-eabi/7.3.1/thumb/v7e-m/fpv4-sp/hard/crtn.o
                0x0000000008003938                . = ALIGN (0x4)
                0x0000000008003938                _etext = .

.vfp11_veneer   0x0000000008003938        0x0
 .vfp11_veneer  0x0000000008003938        0x0 linker stubs

.v4_bx          0x0000000008003938        0x0
 .v4_bx         0x0000000008003938        0x0 linker stubs

.iplt           0x0000000008003938        0x0
 .iplt          0x0000000008003938        0x0 c:/st/stm32cubeide_1.0.2/stm32cubeide/plugins/com.st.stm32cube.ide.mcu.externaltools.gnu-tools-for-stm32.7-2018-q2-update.win32_1.4.0.202007081208/tools/bin/../lib/gcc/arm-none-eabi/7.3.1/thumb/v7e-m/fpv4-sp/hard/crtbegin.o

.rodata         0x0000000008003938      0x128
                0x0000000008003938                . = ALIGN (0x4)
 *(.rodata)
 .rodata        0x0000000008003938        0x5 Third-party/FreeRTOS/org/Source/tasks.o
 *fill*         0x000000000800393d        0x3 
 .rodata        0x0000000008003940       0x49 Third-party/SEGGER/Config/SEGGER_SYSVIEW_Config_FreeRTOS.o
 *fill*         0x0000000008003989        0x3 
 .rodata        0x000000000800398c       0x58 Third-party/SEGGER/OS/SEGGER_SYSVIEW_FreeRTOS.o
 .rodata        0x00000000080039e4       0x17 Third-party/SEGGER/SEGGER/SEGGER_RTT.o
 *fill*         0x00000000080039fb        0x1 
 .rodata        0x00000000080039fc        0x8 Third-party/SEGGER/SEGGER/SEGGER_SYSVIEW.o
 .rodata        0x0000000008003a04       0x48 src/main.o
 *(.rodata*)
 .rodata.SYSVIEW_X_OS_TraceAPI
                0x0000000008003a4c        0x8 Third-party/SEGGER/OS/SEGGER_SYSVIEW_FreeRTOS.o
                0x0000000008003a4c                SYSVIEW_X_OS_TraceAPI
 .rodata._abSync
                0x0000000008003a54        0xa Third-party/SEGGER/SEGGER/SEGGER_SYSVIEW.o
                0x0000000008003a60                . = ALIGN (0x4)
 *fill*         0x0000000008003a5e        0x2 

.rel.dyn        0x0000000008003a60        0x0
 .rel.iplt      0x0000000008003a60        0x0 c:/st/stm32cubeide_1.0.2/stm32cubeide/plugins/com.st.stm32cube.ide.mcu.externaltools.gnu-tools-for-stm32.7-2018-q2-update.win32_1.4.0.202007081208/tools/bin/../lib/gcc/arm-none-eabi/7.3.1/thumb/v7e-m/fpv4-sp/hard/crtbegin.o

.ARM.extab      0x0000000008003a60        0x0
                0x0000000008003a60                . = ALIGN (0x4)
 *(.ARM.extab* .gnu.linkonce.armextab.*)
                0x0000000008003a60                . = ALIGN (0x4)

.ARM            0x0000000008003a60        0x0
                0x0000000008003a60                . = ALIGN (0x4)
                0x0000000008003a60                __exidx_start = .
 *(.ARM.exidx*)
                0x0000000008003a60                __exidx_end = .
                0x0000000008003a60                . = ALIGN (0x4)

.preinit_array  0x0000000008003a60        0x0
                0x0000000008003a60                . = ALIGN (0x4)
                0x0000000008003a60                PROVIDE (__preinit_array_start = .)
 *(.preinit_array*)
                0x0000000008003a60                PROVIDE (__preinit_array_end = .)
                0x0000000008003a60                . = ALIGN (0x4)

.init_array     0x0000000008003a60        0x4
                0x0000000008003a60                . = ALIGN (0x4)
                0x0000000008003a60                PROVIDE (__init_array_start = .)
 *(SORT_BY_NAME(.init_array.*))
 *(.init_array*)
 .init_array    0x0000000008003a60        0x4 c:/st/stm32cubeide_1.0.2/stm32cubeide/plugins/com.st.stm32cube.ide.mcu.externaltools.gnu-tools-for-stm32.7-2018-q2-update.win32_1.4.0.202007081208/tools/bin/../lib/gcc/arm-none-eabi/7.3.1/thumb/v7e-m/fpv4-sp/hard/crtbegin.o
                0x0000000008003a64                PROVIDE (__init_array_end = .)
                0x0000000008003a64                . = ALIGN (0x4)

.fini_array     0x0000000008003a64        0x4
                0x0000000008003a64                . = ALIGN (0x4)
                [!provide]                        PROVIDE (__fini_array_start = .)
 *(SORT_BY_NAME(.fini_array.*))
 *(.fini_array*)
 .fini_array    0x0000000008003a64        0x4 c:/st/stm32cubeide_1.0.2/stm32cubeide/plugins/com.st.stm32cube.ide.mcu.externaltools.gnu-tools-for-stm32.7-2018-q2-update.win32_1.4.0.202007081208/tools/bin/../lib/gcc/arm-none-eabi/7.3.1/thumb/v7e-m/fpv4-sp/hard/crtbegin.o
                [!provide]                        PROVIDE (__fini_array_end = .)
                0x0000000008003a68                . = ALIGN (0x4)
                0x0000000008003a68                _sidata = LOADADDR (.data)

.data           0x0000000020000000       0x28 load address 0x0000000008003a68
                0x0000000020000000                . = ALIGN (0x4)
                0x0000000020000000                _sdata = .
 *(.data)
 *(.data*)
 .data.APBAHBPrescTable
                0x0000000020000000       0x10 StdPeriph_Driver/src/stm32f4xx_rcc.o
 .data.uxCriticalNesting
                0x0000000020000010        0x4 Third-party/FreeRTOS/org/Source/portable/GCC/ARM_CM4F/port.o
 .data.SystemCoreClock
                0x0000000020000014        0x4 src/system_stm32f4xx.o
                0x0000000020000014                SystemCoreClock
 .data.AHBPrescTable
                0x0000000020000018       0x10 src/system_stm32f4xx.o
                0x0000000020000018                AHBPrescTable
                0x0000000020000028                . = ALIGN (0x4)
                0x0000000020000028                _edata = .

.igot.plt       0x0000000020000028        0x0 load address 0x0000000008003a90
 .igot.plt      0x0000000020000028        0x0 c:/st/stm32cubeide_1.0.2/stm32cubeide/plugins/com.st.stm32cube.ide.mcu.externaltools.gnu-tools-for-stm32.7-2018-q2-update.win32_1.4.0.202007081208/tools/bin/../lib/gcc/arm-none-eabi/7.3.1/thumb/v7e-m/fpv4-sp/hard/crtbegin.o
                0x0000000020000028                . = ALIGN (0x4)

.bss            0x0000000020000028    0x15430 load address 0x0000000008003a90
                0x0000000020000028                _sbss = .
                0x0000000020000028                __bss_start__ = _sbss
 *(.bss)
 .bss           0x0000000020000028       0x1c c:/st/stm32cubeide_1.0.2/stm32cubeide/plugins/com.st.stm32cube.ide.mcu.externaltools.gnu-tools-for-stm32.7-2018-q2-update.win32_1.4.0.202007081208/tools/bin/../lib/gcc/arm-none-eabi/7.3.1/thumb/v7e-m/fpv4-sp/hard/crtbegin.o
 *(.bss*)
 .bss.pxCurrentTCB
                0x0000000020000044        0x4 Third-party/FreeRTOS/org/Source/tasks.o
                0x0000000020000044                pxCurrentTCB
 .bss.pxReadyTasksLists
                0x0000000020000048       0x64 Third-party/FreeRTOS/org/Source/tasks.o
 .bss.xDelayedTaskList1
                0x00000000200000ac       0x14 Third-party/FreeRTOS/org/Source/tasks.o
 .bss.xDelayedTaskList2
                0x00000000200000c0       0x14 Third-party/FreeRTOS/org/Source/tasks.o
 .bss.pxDelayedTaskList
                0x00000000200000d4        0x4 Third-party/FreeRTOS/org/Source/tasks.o
 .bss.pxOverflowDelayedTaskList
                0x00000000200000d8        0x4 Third-party/FreeRTOS/org/Source/tasks.o
 .bss.xPendingReadyList
                0x00000000200000dc       0x14 Third-party/FreeRTOS/org/Source/tasks.o
 .bss.xTasksWaitingTermination
                0x00000000200000f0       0x14 Third-party/FreeRTOS/org/Source/tasks.o
 .bss.uxDeletedTasksWaitingCleanUp
                0x0000000020000104        0x4 Third-party/FreeRTOS/org/Source/tasks.o
 .bss.xSuspendedTaskList
                0x0000000020000108       0x14 Third-party/FreeRTOS/org/Source/tasks.o
 .bss.uxCurrentNumberOfTasks
                0x000000002000011c        0x4 Third-party/FreeRTOS/org/Source/tasks.o
 .bss.xTickCount
                0x0000000020000120        0x4 Third-party/FreeRTOS/org/Source/tasks.o
 .bss.uxTopReadyPriority
                0x0000000020000124        0x4 Third-party/FreeRTOS/org/Source/tasks.o
 .bss.xSchedulerRunning
                0x0000000020000128        0x4 Third-party/FreeRTOS/org/Source/tasks.o
 .bss.xPendedTicks
                0x000000002000012c        0x4 Third-party/FreeRTOS/org/Source/tasks.o
 .bss.xYieldPending
                0x0000000020000130        0x4 Third-party/FreeRTOS/org/Source/tasks.o
 .bss.xNumOfOverflows
                0x0000000020000134        0x4 Third-party/FreeRTOS/org/Source/tasks.o
 .bss.uxTaskNumber
                0x0000000020000138        0x4 Third-party/FreeRTOS/org/Source/tasks.o
 .bss.xNextTaskUnblockTime
                0x000000002000013c        0x4 Third-party/FreeRTOS/org/Source/tasks.o
 .bss.xIdleTaskHandle
                0x0000000020000140        0x4 Third-party/FreeRTOS/org/Source/tasks.o
 .bss.uxSchedulerSuspended
                0x0000000020000144        0x4 Third-party/FreeRTOS/org/Source/tasks.o
 .bss.ucMaxSysCallPriority
                0x0000000020000148        0x1 Third-party/FreeRTOS/org/Source/portable/GCC/ARM_CM4F/port.o
 *fill*         0x0000000020000149        0x3 
 .bss.ulMaxPRIGROUPValue
                0x000000002000014c        0x4 Third-party/FreeRTOS/org/Source/portable/GCC/ARM_CM4F/port.o
 .bss.ucHeap    0x0000000020000150    0x12c00 Third-party/FreeRTOS/org/Source/portable/MemMang/heap_4.o
 .bss.xStart    0x0000000020012d50        0x8 Third-party/FreeRTOS/org/Source/portable/MemMang/heap_4.o
 .bss.pxEnd     0x0000000020012d58        0x4 Third-party/FreeRTOS/org/Source/portable/MemMang/heap_4.o
 .bss.xFreeBytesRemaining
                0x0000000020012d5c        0x4 Third-party/FreeRTOS/org/Source/portable/MemMang/heap_4.o
 .bss.xMinimumEverFreeBytesRemaining
                0x0000000020012d60        0x4 Third-party/FreeRTOS/org/Source/portable/MemMang/heap_4.o
 .bss.xNumberOfSuccessfulAllocations
                0x0000000020012d64        0x4 Third-party/FreeRTOS/org/Source/portable/MemMang/heap_4.o
 .bss.xNumberOfSuccessfulFrees
                0x0000000020012d68        0x4 Third-party/FreeRTOS/org/Source/portable/MemMang/heap_4.o
 .bss.xBlockAllocatedBit
                0x0000000020012d6c        0x4 Third-party/FreeRTOS/org/Source/portable/MemMang/heap_4.o
 .bss._aTasks   0x0000000020012d70       0xa0 Third-party/SEGGER/OS/SEGGER_SYSVIEW_FreeRTOS.o
 .bss._NumTasks
                0x0000000020012e10        0x4 Third-party/SEGGER/OS/SEGGER_SYSVIEW_FreeRTOS.o
 .bss._acUpBuffer
                0x0000000020012e14      0x400 Third-party/SEGGER/SEGGER/SEGGER_RTT.o
 .bss._acDownBuffer
                0x0000000020013214       0x10 Third-party/SEGGER/SEGGER/SEGGER_RTT.o
 .bss._UpBuffer
                0x0000000020013224     0x2000 Third-party/SEGGER/SEGGER/SEGGER_SYSVIEW.o
 .bss._DownBuffer
                0x0000000020015224        0x8 Third-party/SEGGER/SEGGER/SEGGER_SYSVIEW.o
 .bss._SYSVIEW_Globals
                0x000000002001522c       0x28 Third-party/SEGGER/SEGGER/SEGGER_SYSVIEW.o
 .bss._pFirstModule
                0x0000000020015254        0x4 Third-party/SEGGER/SEGGER/SEGGER_SYSVIEW.o
 .bss._NumModules
                0x0000000020015258        0x1 Third-party/SEGGER/SEGGER/SEGGER_SYSVIEW.o
 *fill*         0x0000000020015259        0x3 
 .bss._aPacket  0x000000002001525c       0xe3 Third-party/SEGGER/SEGGER/SEGGER_SYSVIEW.o
 *fill*         0x000000002001533f        0x1 
 .bss.xTask1Handle
                0x0000000020015340        0x4 src/main.o
                0x0000000020015340                xTask1Handle
 .bss.xTask2Handle
                0x0000000020015344        0x4 src/main.o
                0x0000000020015344                xTask2Handle
 .bss.Button_Status_Flag
                0x0000000020015348        0x1 src/main.o
                0x0000000020015348                Button_Status_Flag
 *(COMMON)
 *fill*         0x0000000020015349        0x3 
 COMMON         0x000000002001534c       0xa8 Third-party/SEGGER/SEGGER/SEGGER_RTT.o
                0x000000002001534c                _SEGGER_RTT
 COMMON         0x00000000200153f4       0x64 src/main.o
                0x00000000200153f4                user_msg
                0x0000000020015458                . = ALIGN (0x4)
                0x0000000020015458                _ebss = .
                0x0000000020015458                __bss_end__ = _ebss

._user_heap_stack
                0x0000000020015458      0x600 load address 0x0000000008003a90
                0x0000000020015458                . = ALIGN (0x8)
                0x0000000020015458                PROVIDE (end = .)
                [!provide]                        PROVIDE (_end = .)
                0x0000000020015658                . = (. + _Min_Heap_Size)
 *fill*         0x0000000020015458      0x200 
                0x0000000020015a58                . = (. + _Min_Stack_Size)
 *fill*         0x0000000020015658      0x400 
                0x0000000020015a58                . = ALIGN (0x8)

/DISCARD/
 libc.a(*)
 libm.a(*)
 libgcc.a(*)

.ARM.attributes
                0x0000000000000000       0x30
 *(.ARM.attributes)
 .ARM.attributes
                0x0000000000000000       0x22 c:/st/stm32cubeide_1.0.2/stm32cubeide/plugins/com.st.stm32cube.ide.mcu.externaltools.gnu-tools-for-stm32.7-2018-q2-update.win32_1.4.0.202007081208/tools/bin/../lib/gcc/arm-none-eabi/7.3.1/thumb/v7e-m/fpv4-sp/hard/crti.o
 .ARM.attributes
                0x0000000000000022       0x34 c:/st/stm32cubeide_1.0.2/stm32cubeide/plugins/com.st.stm32cube.ide.mcu.externaltools.gnu-tools-for-stm32.7-2018-q2-update.win32_1.4.0.202007081208/tools/bin/../lib/gcc/arm-none-eabi/7.3.1/thumb/v7e-m/fpv4-sp/hard/crtbegin.o
 .ARM.attributes
                0x0000000000000056       0x39 StdPeriph_Driver/src/stm32f4xx_gpio.o
 .ARM.attributes
                0x000000000000008f       0x39 StdPeriph_Driver/src/stm32f4xx_rcc.o
 .ARM.attributes
                0x00000000000000c8       0x39 StdPeriph_Driver/src/stm32f4xx_usart.o
 .ARM.attributes
                0x0000000000000101       0x39 Third-party/FreeRTOS/org/Source/list.o
 .ARM.attributes
                0x000000000000013a       0x39 Third-party/FreeRTOS/org/Source/tasks.o
 .ARM.attributes
                0x0000000000000173       0x39 Third-party/FreeRTOS/org/Source/portable/GCC/ARM_CM4F/port.o
 .ARM.attributes
                0x00000000000001ac       0x39 Third-party/FreeRTOS/org/Source/portable/MemMang/heap_4.o
 .ARM.attributes
                0x00000000000001e5       0x39 Third-party/SEGGER/Config/SEGGER_SYSVIEW_Config_FreeRTOS.o
 .ARM.attributes
                0x000000000000021e       0x39 Third-party/SEGGER/OS/SEGGER_SYSVIEW_FreeRTOS.o
 .ARM.attributes
                0x0000000000000257       0x39 Third-party/SEGGER/SEGGER/SEGGER_RTT.o
 .ARM.attributes
                0x0000000000000290       0x39 Third-party/SEGGER/SEGGER/SEGGER_SYSVIEW.o
 .ARM.attributes
                0x00000000000002c9       0x39 src/main.o
 .ARM.attributes
                0x0000000000000302       0x39 src/system_stm32f4xx.o
 .ARM.attributes
                0x000000000000033b       0x21 startup/startup_stm32.o
 .ARM.attributes
                0x000000000000035c       0x34 c:/st/stm32cubeide_1.0.2/stm32cubeide/plugins/com.st.stm32cube.ide.mcu.externaltools.gnu-tools-for-stm32.7-2018-q2-update.win32_1.4.0.202007081208/tools/bin/../lib/gcc/arm-none-eabi/7.3.1/../../../../arm-none-eabi/lib/thumb/v7e-m/fpv4-sp/hard\libc_nano.a(lib_a-init.o)
 .ARM.attributes
                0x0000000000000390       0x34 c:/st/stm32cubeide_1.0.2/stm32cubeide/plugins/com.st.stm32cube.ide.mcu.externaltools.gnu-tools-for-stm32.7-2018-q2-update.win32_1.4.0.202007081208/tools/bin/../lib/gcc/arm-none-eabi/7.3.1/../../../../arm-none-eabi/lib/thumb/v7e-m/fpv4-sp/hard\libc_nano.a(lib_a-memcmp.o)
 .ARM.attributes
                0x00000000000003c4       0x34 c:/st/stm32cubeide_1.0.2/stm32cubeide/plugins/com.st.stm32cube.ide.mcu.externaltools.gnu-tools-for-stm32.7-2018-q2-update.win32_1.4.0.202007081208/tools/bin/../lib/gcc/arm-none-eabi/7.3.1/../../../../arm-none-eabi/lib/thumb/v7e-m/fpv4-sp/hard\libc_nano.a(lib_a-memcpy-stub.o)
 .ARM.attributes
                0x00000000000003f8       0x34 c:/st/stm32cubeide_1.0.2/stm32cubeide/plugins/com.st.stm32cube.ide.mcu.externaltools.gnu-tools-for-stm32.7-2018-q2-update.win32_1.4.0.202007081208/tools/bin/../lib/gcc/arm-none-eabi/7.3.1/../../../../arm-none-eabi/lib/thumb/v7e-m/fpv4-sp/hard\libc_nano.a(lib_a-memset.o)
 .ARM.attributes
                0x000000000000042c       0x1b c:/st/stm32cubeide_1.0.2/stm32cubeide/plugins/com.st.stm32cube.ide.mcu.externaltools.gnu-tools-for-stm32.7-2018-q2-update.win32_1.4.0.202007081208/tools/bin/../lib/gcc/arm-none-eabi/7.3.1/../../../../arm-none-eabi/lib/thumb/v7e-m/fpv4-sp/hard\libc_nano.a(lib_a-strlen.o)
 .ARM.attributes
                0x0000000000000447       0x22 c:/st/stm32cubeide_1.0.2/stm32cubeide/plugins/com.st.stm32cube.ide.mcu.externaltools.gnu-tools-for-stm32.7-2018-q2-update.win32_1.4.0.202007081208/tools/bin/../lib/gcc/arm-none-eabi/7.3.1/thumb/v7e-m/fpv4-sp/hard/crtn.o
OUTPUT(002_LED_Button.elf elf32-littlearm)

.debug_info     0x0000000000000000     0xd782
 .debug_info    0x0000000000000000      0x62b StdPeriph_Driver/src/stm32f4xx_gpio.o
 .debug_info    0x000000000000062b      0xf8e StdPeriph_Driver/src/stm32f4xx_rcc.o
 .debug_info    0x00000000000015b9      0x9d4 StdPeriph_Driver/src/stm32f4xx_usart.o
 .debug_info    0x0000000000001f8d      0xacb Third-party/FreeRTOS/org/Source/list.o
 .debug_info    0x0000000000002a58     0x27af Third-party/FreeRTOS/org/Source/tasks.o
 .debug_info    0x0000000000005207      0x533 Third-party/FreeRTOS/org/Source/portable/GCC/ARM_CM4F/port.o
 .debug_info    0x000000000000573a      0xced Third-party/FreeRTOS/org/Source/portable/MemMang/heap_4.o
 .debug_info    0x0000000000006427      0x10f Third-party/SEGGER/Config/SEGGER_SYSVIEW_Config_FreeRTOS.o
 .debug_info    0x0000000000006536      0xb7d Third-party/SEGGER/OS/SEGGER_SYSVIEW_FreeRTOS.o
 .debug_info    0x00000000000070b3     0x16a9 Third-party/SEGGER/SEGGER/SEGGER_RTT.o
 .debug_info    0x000000000000875c     0x3ada Third-party/SEGGER/SEGGER/SEGGER_SYSVIEW.o
 .debug_info    0x000000000000c236      0xf09 src/main.o
 .debug_info    0x000000000000d13f      0x621 src/system_stm32f4xx.o
 .debug_info    0x000000000000d760       0x22 startup/startup_stm32.o

.debug_abbrev   0x0000000000000000     0x1b03
 .debug_abbrev  0x0000000000000000      0x1bf StdPeriph_Driver/src/stm32f4xx_gpio.o
 .debug_abbrev  0x00000000000001bf      0x1d4 StdPeriph_Driver/src/stm32f4xx_rcc.o
 .debug_abbrev  0x0000000000000393      0x187 StdPeriph_Driver/src/stm32f4xx_usart.o
 .debug_abbrev  0x000000000000051a      0x1cf Third-party/FreeRTOS/org/Source/list.o
 .debug_abbrev  0x00000000000006e9      0x35f Third-party/FreeRTOS/org/Source/tasks.o
 .debug_abbrev  0x0000000000000a48      0x210 Third-party/FreeRTOS/org/Source/portable/GCC/ARM_CM4F/port.o
 .debug_abbrev  0x0000000000000c58      0x29e Third-party/FreeRTOS/org/Source/portable/MemMang/heap_4.o
 .debug_abbrev  0x0000000000000ef6       0xb5 Third-party/SEGGER/Config/SEGGER_SYSVIEW_Config_FreeRTOS.o
 .debug_abbrev  0x0000000000000fab      0x1ed Third-party/SEGGER/OS/SEGGER_SYSVIEW_FreeRTOS.o
 .debug_abbrev  0x0000000000001198      0x2a0 Third-party/SEGGER/SEGGER/SEGGER_RTT.o
 .debug_abbrev  0x0000000000001438      0x300 Third-party/SEGGER/SEGGER/SEGGER_SYSVIEW.o
 .debug_abbrev  0x0000000000001738      0x25c src/main.o
 .debug_abbrev  0x0000000000001994      0x15d src/system_stm32f4xx.o
 .debug_abbrev  0x0000000000001af1       0x12 startup/startup_stm32.o

.debug_aranges  0x0000000000000000      0xb10
 .debug_aranges
                0x0000000000000000       0x88 StdPeriph_Driver/src/stm32f4xx_gpio.o
 .debug_aranges
                0x0000000000000088      0x1e8 StdPeriph_Driver/src/stm32f4xx_rcc.o
 .debug_aranges
                0x0000000000000270      0x100 StdPeriph_Driver/src/stm32f4xx_usart.o
 .debug_aranges
                0x0000000000000370       0x40 Third-party/FreeRTOS/org/Source/list.o
 .debug_aranges
                0x00000000000003b0      0x1f8 Third-party/FreeRTOS/org/Source/tasks.o
 .debug_aranges
                0x00000000000005a8       0x80 Third-party/FreeRTOS/org/Source/portable/GCC/ARM_CM4F/port.o
 .debug_aranges
                0x0000000000000628       0x58 Third-party/FreeRTOS/org/Source/portable/MemMang/heap_4.o
 .debug_aranges
                0x0000000000000680       0x28 Third-party/SEGGER/Config/SEGGER_SYSVIEW_Config_FreeRTOS.o
 .debug_aranges
                0x00000000000006a8       0x48 Third-party/SEGGER/OS/SEGGER_SYSVIEW_FreeRTOS.o
 .debug_aranges
                0x00000000000006f0      0x110 Third-party/SEGGER/SEGGER/SEGGER_RTT.o
 .debug_aranges
                0x0000000000000800      0x268 Third-party/SEGGER/SEGGER/SEGGER_SYSVIEW.o
 .debug_aranges
                0x0000000000000a68       0x50 src/main.o
 .debug_aranges
                0x0000000000000ab8       0x30 src/system_stm32f4xx.o
 .debug_aranges
                0x0000000000000ae8       0x28 startup/startup_stm32.o

.debug_ranges   0x0000000000000000      0xa38
 .debug_ranges  0x0000000000000000       0x78 StdPeriph_Driver/src/stm32f4xx_gpio.o
 .debug_ranges  0x0000000000000078      0x1d8 StdPeriph_Driver/src/stm32f4xx_rcc.o
 .debug_ranges  0x0000000000000250       0xf0 StdPeriph_Driver/src/stm32f4xx_usart.o
 .debug_ranges  0x0000000000000340       0x30 Third-party/FreeRTOS/org/Source/list.o
 .debug_ranges  0x0000000000000370      0x1e8 Third-party/FreeRTOS/org/Source/tasks.o
 .debug_ranges  0x0000000000000558       0x70 Third-party/FreeRTOS/org/Source/portable/GCC/ARM_CM4F/port.o
 .debug_ranges  0x00000000000005c8       0x48 Third-party/FreeRTOS/org/Source/portable/MemMang/heap_4.o
 .debug_ranges  0x0000000000000610       0x18 Third-party/SEGGER/Config/SEGGER_SYSVIEW_Config_FreeRTOS.o
 .debug_ranges  0x0000000000000628       0x38 Third-party/SEGGER/OS/SEGGER_SYSVIEW_FreeRTOS.o
 .debug_ranges  0x0000000000000660      0x100 Third-party/SEGGER/SEGGER/SEGGER_RTT.o
 .debug_ranges  0x0000000000000760      0x258 Third-party/SEGGER/SEGGER/SEGGER_SYSVIEW.o
 .debug_ranges  0x00000000000009b8       0x40 src/main.o
 .debug_ranges  0x00000000000009f8       0x20 src/system_stm32f4xx.o
 .debug_ranges  0x0000000000000a18       0x20 startup/startup_stm32.o

.debug_macro    0x0000000000000000     0x2ae0
 .debug_macro   0x0000000000000000      0x1fc StdPeriph_Driver/src/stm32f4xx_gpio.o
 .debug_macro   0x00000000000001fc      0x33b StdPeriph_Driver/src/stm32f4xx_gpio.o
 .debug_macro   0x0000000000000537      0x2cb StdPeriph_Driver/src/stm32f4xx_rcc.o
 .debug_macro   0x0000000000000802      0x214 StdPeriph_Driver/src/stm32f4xx_usart.o
 .debug_macro   0x0000000000000a16      0x21d StdPeriph_Driver/src/stm32f4xx_usart.o
 .debug_macro   0x0000000000000c33      0x1ba Third-party/FreeRTOS/org/Source/list.o
 .debug_macro   0x0000000000000ded      0x2b3 Third-party/FreeRTOS/org/Source/tasks.o
 .debug_macro   0x00000000000010a0       0x10 Third-party/FreeRTOS/org/Source/tasks.o
 .debug_macro   0x00000000000010b0      0x1d6 Third-party/FreeRTOS/org/Source/portable/GCC/ARM_CM4F/port.o
 .debug_macro   0x0000000000001286      0x1e1 Third-party/FreeRTOS/org/Source/portable/MemMang/heap_4.o
 .debug_macro   0x0000000000001467      0x116 Third-party/SEGGER/Config/SEGGER_SYSVIEW_Config_FreeRTOS.o
 .debug_macro   0x000000000000157d      0x1d5 Third-party/SEGGER/OS/SEGGER_SYSVIEW_FreeRTOS.o
 .debug_macro   0x0000000000001752      0x169 Third-party/SEGGER/SEGGER/SEGGER_RTT.o
 .debug_macro   0x00000000000018bb       0x4f Third-party/SEGGER/SEGGER/SEGGER_RTT.o
 .debug_macro   0x000000000000190a      0x115 Third-party/SEGGER/SEGGER/SEGGER_RTT.o
 .debug_macro   0x0000000000001a1f      0x1fd Third-party/SEGGER/SEGGER/SEGGER_SYSVIEW.o
 .debug_macro   0x0000000000001c1c       0x65 Third-party/SEGGER/SEGGER/SEGGER_SYSVIEW.o
 .debug_macro   0x0000000000001c81       0x35 Third-party/SEGGER/SEGGER/SEGGER_SYSVIEW.o
 .debug_macro   0x0000000000001cb6      0x11b Third-party/SEGGER/SEGGER/SEGGER_SYSVIEW.o
 .debug_macro   0x0000000000001dd1      0x445 src/main.o
 .debug_macro   0x0000000000002216       0x16 src/main.o
 .debug_macro   0x000000000000222c       0x97 src/main.o
 .debug_macro   0x00000000000022c3       0xfd src/main.o
 .debug_macro   0x00000000000023c0       0x10 src/main.o
 .debug_macro   0x00000000000023d0       0x10 src/main.o
 .debug_macro   0x00000000000023e0       0x1c src/main.o
 .debug_macro   0x00000000000023fc       0x52 src/main.o
 .debug_macro   0x000000000000244e       0x40 src/main.o
 .debug_macro   0x000000000000248e       0x10 src/main.o
 .debug_macro   0x000000000000249e       0x40 src/main.o
 .debug_macro   0x00000000000024de       0xd7 src/main.o
 .debug_macro   0x00000000000025b5       0x1c src/main.o
 .debug_macro   0x00000000000025d1       0x3d src/main.o
 .debug_macro   0x000000000000260e       0x16 src/main.o
 .debug_macro   0x0000000000002624      0x145 src/main.o
 .debug_macro   0x0000000000002769      0x112 src/main.o
 .debug_macro   0x000000000000287b       0x4c src/main.o
 .debug_macro   0x00000000000028c7      0x219 src/system_stm32f4xx.o

.debug_line     0x0000000000000000     0x9ab7
 .debug_line    0x0000000000000000      0x929 StdPeriph_Driver/src/stm32f4xx_gpio.o
 .debug_line    0x0000000000000929      0xca6 StdPeriph_Driver/src/stm32f4xx_rcc.o
 .debug_line    0x00000000000015cf      0xa6f StdPeriph_Driver/src/stm32f4xx_usart.o
 .debug_line    0x000000000000203e      0x8d4 Third-party/FreeRTOS/org/Source/list.o
 .debug_line    0x0000000000002912     0x15ce Third-party/FreeRTOS/org/Source/tasks.o
 .debug_line    0x0000000000003ee0      0x94f Third-party/FreeRTOS/org/Source/portable/GCC/ARM_CM4F/port.o
 .debug_line    0x000000000000482f      0x9e3 Third-party/FreeRTOS/org/Source/portable/MemMang/heap_4.o
 .debug_line    0x0000000000005212      0x73a Third-party/SEGGER/Config/SEGGER_SYSVIEW_Config_FreeRTOS.o
 .debug_line    0x000000000000594c      0x965 Third-party/SEGGER/OS/SEGGER_SYSVIEW_FreeRTOS.o
 .debug_line    0x00000000000062b1      0x95a Third-party/SEGGER/SEGGER/SEGGER_RTT.o
 .debug_line    0x0000000000006c0b     0x182d Third-party/SEGGER/SEGGER/SEGGER_SYSVIEW.o
 .debug_line    0x0000000000008438      0xdcd src/main.o
 .debug_line    0x0000000000009205      0x836 src/system_stm32f4xx.o
 .debug_line    0x0000000000009a3b       0x7c startup/startup_stm32.o

.debug_str      0x0000000000000000    0x7ec64
 .debug_str     0x0000000000000000    0x6cf4d StdPeriph_Driver/src/stm32f4xx_gpio.o
                                      0x6d234 (size before relaxing)
 .debug_str     0x000000000006cf4d      0xe86 StdPeriph_Driver/src/stm32f4xx_rcc.o
                                      0x6de10 (size before relaxing)
 .debug_str     0x000000000006ddd3      0x53a StdPeriph_Driver/src/stm32f4xx_usart.o
                                      0x6d547 (size before relaxing)
 .debug_str     0x000000000006e30d     0xa19e Third-party/FreeRTOS/org/Source/list.o
                                       0xdf32 (size before relaxing)
 .debug_str     0x00000000000784ab     0x2490 Third-party/FreeRTOS/org/Source/tasks.o
                                      0x10404 (size before relaxing)
 .debug_str     0x000000000007a93b      0x7fb Third-party/FreeRTOS/org/Source/portable/GCC/ARM_CM4F/port.o
                                       0xbcfb (size before relaxing)
 .debug_str     0x000000000007b136      0x33c Third-party/FreeRTOS/org/Source/portable/MemMang/heap_4.o
                                       0xe825 (size before relaxing)
 .debug_str     0x000000000007b472      0x16d Third-party/SEGGER/Config/SEGGER_SYSVIEW_Config_FreeRTOS.o
                                       0xa777 (size before relaxing)
 .debug_str     0x000000000007b5df       0xfb Third-party/SEGGER/OS/SEGGER_SYSVIEW_FreeRTOS.o
                                       0xe575 (size before relaxing)
 .debug_str     0x000000000007b6da      0xdca Third-party/SEGGER/SEGGER/SEGGER_RTT.o
                                       0x7219 (size before relaxing)
 .debug_str     0x000000000007c4a4     0x12fa Third-party/SEGGER/SEGGER/SEGGER_SYSVIEW.o
                                       0x91bd (size before relaxing)
 .debug_str     0x000000000007d79e     0x137b src/main.o
                                      0x78c90 (size before relaxing)
 .debug_str     0x000000000007eb19      0x122 src/system_stm32f4xx.o
                                      0x6d193 (size before relaxing)
 .debug_str     0x000000000007ec3b       0x29 startup/startup_stm32.o
                                         0x81 (size before relaxing)

.comment        0x0000000000000000       0x7b
 .comment       0x0000000000000000       0x7b StdPeriph_Driver/src/stm32f4xx_gpio.o
                                         0x7c (size before relaxing)
 .comment       0x000000000000007b       0x7c StdPeriph_Driver/src/stm32f4xx_rcc.o
 .comment       0x000000000000007b       0x7c StdPeriph_Driver/src/stm32f4xx_usart.o
 .comment       0x000000000000007b       0x7c Third-party/FreeRTOS/org/Source/list.o
 .comment       0x000000000000007b       0x7c Third-party/FreeRTOS/org/Source/tasks.o
 .comment       0x000000000000007b       0x7c Third-party/FreeRTOS/org/Source/portable/GCC/ARM_CM4F/port.o
 .comment       0x000000000000007b       0x7c Third-party/FreeRTOS/org/Source/portable/MemMang/heap_4.o
 .comment       0x000000000000007b       0x7c Third-party/SEGGER/Config/SEGGER_SYSVIEW_Config_FreeRTOS.o
 .comment       0x000000000000007b       0x7c Third-party/SEGGER/OS/SEGGER_SYSVIEW_FreeRTOS.o
 .comment       0x000000000000007b       0x7c Third-party/SEGGER/SEGGER/SEGGER_RTT.o
 .comment       0x000000000000007b       0x7c Third-party/SEGGER/SEGGER/SEGGER_SYSVIEW.o
 .comment       0x000000000000007b       0x7c src/main.o
 .comment       0x000000000000007b       0x7c src/system_stm32f4xx.o

.debug_frame    0x0000000000000000     0x2f68
 .debug_frame   0x0000000000000000      0x23c StdPeriph_Driver/src/stm32f4xx_gpio.o
 .debug_frame   0x000000000000023c      0x904 StdPeriph_Driver/src/stm32f4xx_rcc.o
 .debug_frame   0x0000000000000b40      0x490 StdPeriph_Driver/src/stm32f4xx_usart.o
 .debug_frame   0x0000000000000fd0       0xd8 Third-party/FreeRTOS/org/Source/list.o
 .debug_frame   0x00000000000010a8      0x8b8 Third-party/FreeRTOS/org/Source/tasks.o
 .debug_frame   0x0000000000001960      0x1a8 Third-party/FreeRTOS/org/Source/portable/GCC/ARM_CM4F/port.o
 .debug_frame   0x0000000000001b08      0x12c Third-party/FreeRTOS/org/Source/portable/MemMang/heap_4.o
 .debug_frame   0x0000000000001c34       0x48 Third-party/SEGGER/Config/SEGGER_SYSVIEW_Config_FreeRTOS.o
 .debug_frame   0x0000000000001c7c      0x100 Third-party/SEGGER/OS/SEGGER_SYSVIEW_FreeRTOS.o
 .debug_frame   0x0000000000001d7c      0x478 Third-party/SEGGER/SEGGER/SEGGER_RTT.o
 .debug_frame   0x00000000000021f4      0xb5c Third-party/SEGGER/SEGGER/SEGGER_SYSVIEW.o
 .debug_frame   0x0000000000002d50       0xfc src/main.o
 .debug_frame   0x0000000000002e4c       0x7c src/system_stm32f4xx.o
 .debug_frame   0x0000000000002ec8       0x2c c:/st/stm32cubeide_1.0.2/stm32cubeide/plugins/com.st.stm32cube.ide.mcu.externaltools.gnu-tools-for-stm32.7-2018-q2-update.win32_1.4.0.202007081208/tools/bin/../lib/gcc/arm-none-eabi/7.3.1/../../../../arm-none-eabi/lib/thumb/v7e-m/fpv4-sp/hard\libc_nano.a(lib_a-init.o)
 .debug_frame   0x0000000000002ef4       0x2c c:/st/stm32cubeide_1.0.2/stm32cubeide/plugins/com.st.stm32cube.ide.mcu.externaltools.gnu-tools-for-stm32.7-2018-q2-update.win32_1.4.0.202007081208/tools/bin/../lib/gcc/arm-none-eabi/7.3.1/../../../../arm-none-eabi/lib/thumb/v7e-m/fpv4-sp/hard\libc_nano.a(lib_a-memcmp.o)
 .debug_frame   0x0000000000002f20       0x28 c:/st/stm32cubeide_1.0.2/stm32cubeide/plugins/com.st.stm32cube.ide.mcu.externaltools.gnu-tools-for-stm32.7-2018-q2-update.win32_1.4.0.202007081208/tools/bin/../lib/gcc/arm-none-eabi/7.3.1/../../../../arm-none-eabi/lib/thumb/v7e-m/fpv4-sp/hard\libc_nano.a(lib_a-memcpy-stub.o)
 .debug_frame   0x0000000000002f48       0x20 c:/st/stm32cubeide_1.0.2/stm32cubeide/plugins/com.st.stm32cube.ide.mcu.externaltools.gnu-tools-for-stm32.7-2018-q2-update.win32_1.4.0.202007081208/tools/bin/../lib/gcc/arm-none-eabi/7.3.1/../../../../arm-none-eabi/lib/thumb/v7e-m/fpv4-sp/hard\libc_nano.a(lib_a-memset.o)
