12:48:07 **** Incremental Build of configuration Debug for project 002_HelloWorld_UART ****
make -j8 all 
arm-none-eabi-gcc -o "002_HelloWorld_UART.elf" @"objects.list"   -mcpu=cortex-m4 -T"D:\WORKSPACE\stm32cubeIDE_Workspace\masteringRTOS\RTOS_MyWorkspace\002_HelloWorld_UART\STM32F446RETX_FLASH.ld" --specs=nosys.specs -Wl,-Map="002_HelloWorld_UART.map" -Wl,--gc-sections -static -specs=rdimon.specs -lc -lrdimon --specs=nano.specs -mfpu=fpv4-sp-d16 -mfloat-abi=hard -mthumb -Wl,--start-group -lc -lm -Wl,--end-group
Finished building target: 002_HelloWorld_UART.elf
 
arm-none-eabi-objdump -h -S  002_HelloWorld_UART.elf  > "002_HelloWorld_UART.list"
arm-none-eabi-objcopy  -O binary  002_HelloWorld_UART.elf  "002_HelloWorld_UART.bin"
arm-none-eabi-size   002_HelloWorld_UART.elf 
   text	   data	    bss	    dec	    hex	filename
  15388	    144	  78984	  94516	  17134	002_HelloWorld_UART.elf
Finished building: default.size.stdout
 
Finished building: 002_HelloWorld_UART.bin
 
Finished building: 002_HelloWorld_UART.list
 

12:48:09 Build Finished. 0 errors, 0 warnings. (took 1s.295ms)

