12:18:50 **** Incremental Build of configuration Debug for project 004_LED_Button_TaskNotify ****
make -j8 all 
arm-none-eabi-gcc "../src/main.c" -mcpu=cortex-m4 -std=gnu11 -g3 -DSTM32F446xx -DSTM32 -DUSE_STDPERIPH_DRIVER -DSTM32F4 -DSTM32F446RETx -DDEBUG -DNUCLEO_F446RE -c -I"D:/WORKSPACE/stm32cubeIDE_Workspace/masteringRTOS/RTOS_MyWorkspace/004_LED_Button_TaskNotify/CMSIS/core" -I"D:/WORKSPACE/stm32cubeIDE_Workspace/masteringRTOS/RTOS_MyWorkspace/004_LED_Button_TaskNotify/Third-party/SEGGER/Config" -I"D:/WORKSPACE/stm32cubeIDE_Workspace/masteringRTOS/RTOS_MyWorkspace/004_LED_Button_TaskNotify/Third-party/SEGGER/OS" -I"D:/WORKSPACE/stm32cubeIDE_Workspace/masteringRTOS/RTOS_MyWorkspace/004_LED_Button_TaskNotify/Third-party/SEGGER/SEGGER" -I"D:/WORKSPACE/stm32cubeIDE_Workspace/masteringRTOS/RTOS_MyWorkspace/004_LED_Button_TaskNotify/Config" -I"D:/WORKSPACE/stm32cubeIDE_Workspace/masteringRTOS/RTOS_MyWorkspace/004_LED_Button_TaskNotify/Third-party/FreeRTOS/org/Source/include" -I"D:/WORKSPACE/stm32cubeIDE_Workspace/masteringRTOS/RTOS_MyWorkspace/004_LED_Button_TaskNotify/Third-party/FreeRTOS/org/Source/portable/GCC/ARM_CM4F" -I"D:/WORKSPACE/stm32cubeIDE_Workspace/masteringRTOS/RTOS_MyWorkspace/004_LED_Button_TaskNotify/CMSIS/device" -I"D:/WORKSPACE/stm32cubeIDE_Workspace/masteringRTOS/RTOS_MyWorkspace/004_LED_Button_TaskNotify/inc" -I"D:/WORKSPACE/stm32cubeIDE_Workspace/masteringRTOS/RTOS_MyWorkspace/004_LED_Button_TaskNotify/StdPeriph_Driver/inc" -O0 -ffunction-sections -fdata-sections -Wall -fstack-usage -MMD -MP -MF"src/main.d" -MT"src/main.o" --specs=nano.specs -mfpu=fpv4-sp-d16 -mfloat-abi=hard -mthumb -o "src/main.o"
arm-none-eabi-gcc -o "004_LED_Button_TaskNotify.elf" @"objects.list"   -mcpu=cortex-m4 -T"D:\WORKSPACE\stm32cubeIDE_Workspace\masteringRTOS\RTOS_MyWorkspace\004_LED_Button_TaskNotify\STM32F446RETX_FLASH.ld" --specs=nosys.specs -Wl,-Map="004_LED_Button_TaskNotify.map" -Wl,--gc-sections -static -specs=rdimon.specs -lc -lrdimon --specs=nano.specs -mfpu=fpv4-sp-d16 -mfloat-abi=hard -mthumb -Wl,--start-group -lc -lm -Wl,--end-group
Finished building target: 004_LED_Button_TaskNotify.elf
 
arm-none-eabi-objdump -h -S  004_LED_Button_TaskNotify.elf  > "004_LED_Button_TaskNotify.list"
arm-none-eabi-objcopy  -O binary  004_LED_Button_TaskNotify.elf  "004_LED_Button_TaskNotify.bin"
arm-none-eabi-size   004_LED_Button_TaskNotify.elf 
   text	   data	    bss	    dec	    hex	filename
  19004	    152	  88640	 107796	  1a514	004_LED_Button_TaskNotify.elf
Finished building: default.size.stdout
 
Finished building: 004_LED_Button_TaskNotify.bin
 
Finished building: 004_LED_Button_TaskNotify.list
 

12:19:00 Build Finished. 0 errors, 0 warnings. (took 9s.613ms)

