12:21:28 **** Incremental Build of configuration Debug for project 005_TaskDelete ****
make -j8 all 
arm-none-eabi-gcc "../src/main.c" -mcpu=cortex-m4 -std=gnu11 -g3 -DSTM32F446xx -DSTM32 -DUSE_STDPERIPH_DRIVER -DSTM32F4 -DSTM32F446RETx -DDEBUG -DNUCLEO_F446RE -c -I"D:/WORKSPACE/stm32cubeIDE_Workspace/masteringRTOS/RTOS_MyWorkspace/005_TaskDelete/CMSIS/core" -I"D:/WORKSPACE/stm32cubeIDE_Workspace/masteringRTOS/RTOS_MyWorkspace/005_TaskDelete/Third-party/SEGGER/Config" -I"D:/WORKSPACE/stm32cubeIDE_Workspace/masteringRTOS/RTOS_MyWorkspace/005_TaskDelete/Third-party/SEGGER/OS" -I"D:/WORKSPACE/stm32cubeIDE_Workspace/masteringRTOS/RTOS_MyWorkspace/005_TaskDelete/Third-party/SEGGER/SEGGER" -I"D:/WORKSPACE/stm32cubeIDE_Workspace/masteringRTOS/RTOS_MyWorkspace/005_TaskDelete/Config" -I"D:/WORKSPACE/stm32cubeIDE_Workspace/masteringRTOS/RTOS_MyWorkspace/005_TaskDelete/Third-party/FreeRTOS/org/Source/include" -I"D:/WORKSPACE/stm32cubeIDE_Workspace/masteringRTOS/RTOS_MyWorkspace/005_TaskDelete/Third-party/FreeRTOS/org/Source/portable/GCC/ARM_CM4F" -I"D:/WORKSPACE/stm32cubeIDE_Workspace/masteringRTOS/RTOS_MyWorkspace/005_TaskDelete/CMSIS/device" -I"D:/WORKSPACE/stm32cubeIDE_Workspace/masteringRTOS/RTOS_MyWorkspace/005_TaskDelete/inc" -I"D:/WORKSPACE/stm32cubeIDE_Workspace/masteringRTOS/RTOS_MyWorkspace/005_TaskDelete/StdPeriph_Driver/inc" -O0 -ffunction-sections -fdata-sections -Wall -fstack-usage -MMD -MP -MF"src/main.d" -MT"src/main.o" --specs=nano.specs -mfpu=fpv4-sp-d16 -mfloat-abi=hard -mthumb -o "src/main.o"
arm-none-eabi-gcc -o "005_TaskDelete.elf" @"objects.list"   -mcpu=cortex-m4 -T"D:\WORKSPACE\stm32cubeIDE_Workspace\masteringRTOS\RTOS_MyWorkspace\005_TaskDelete\STM32F446RETX_FLASH.ld" --specs=nosys.specs -Wl,-Map="005_TaskDelete.map" -Wl,--gc-sections -static -specs=rdimon.specs -lc -lrdimon --specs=nano.specs -mfpu=fpv4-sp-d16 -mfloat-abi=hard -mthumb -Wl,--start-group -lc -lm -Wl,--end-group
Finished building target: 005_TaskDelete.elf
 
arm-none-eabi-objdump -h -S  005_TaskDelete.elf  > "005_TaskDelete.list"
arm-none-eabi-objcopy  -O binary  005_TaskDelete.elf  "005_TaskDelete.bin"
arm-none-eabi-size   005_TaskDelete.elf 
   text	   data	    bss	    dec	    hex	filename
  16604	     48	  88624	 105276	  19b3c	005_TaskDelete.elf
Finished building: default.size.stdout
 
Finished building: 005_TaskDelete.bin
 
Finished building: 005_TaskDelete.list
 

12:21:29 Build Finished. 0 errors, 0 warnings. (took 1s.75ms)

