01:24:37 **** Incremental Build of configuration Debug for project 006_TaskPriority_DynamicExchange ****
make -j8 all 
arm-none-eabi-gcc "../src/main.c" -mcpu=cortex-m4 -std=gnu11 -g3 -DSTM32F446xx -DSTM32 -DUSE_STDPERIPH_DRIVER -DSTM32F4 -DSTM32F446RETx -DDEBUG -DNUCLEO_F446RE -c -I"D:/WORKSPACE/stm32cubeIDE_Workspace/masteringRTOS/RTOS_MyWorkspace/006_TaskPriority_DynamicExchange/CMSIS/core" -I"D:/WORKSPACE/stm32cubeIDE_Workspace/masteringRTOS/RTOS_MyWorkspace/006_TaskPriority_DynamicExchange/Third-party/SEGGER/Config" -I"D:/WORKSPACE/stm32cubeIDE_Workspace/masteringRTOS/RTOS_MyWorkspace/006_TaskPriority_DynamicExchange/Third-party/SEGGER/OS" -I"D:/WORKSPACE/stm32cubeIDE_Workspace/masteringRTOS/RTOS_MyWorkspace/006_TaskPriority_DynamicExchange/Third-party/SEGGER/SEGGER" -I"D:/WORKSPACE/stm32cubeIDE_Workspace/masteringRTOS/RTOS_MyWorkspace/006_TaskPriority_DynamicExchange/Config" -I"D:/WORKSPACE/stm32cubeIDE_Workspace/masteringRTOS/RTOS_MyWorkspace/006_TaskPriority_DynamicExchange/Third-party/FreeRTOS/org/Source/include" -I"D:/WORKSPACE/stm32cubeIDE_Workspace/masteringRTOS/RTOS_MyWorkspace/006_TaskPriority_DynamicExchange/Third-party/FreeRTOS/org/Source/portable/GCC/ARM_CM4F" -I"D:/WORKSPACE/stm32cubeIDE_Workspace/masteringRTOS/RTOS_MyWorkspace/006_TaskPriority_DynamicExchange/CMSIS/device" -I"D:/WORKSPACE/stm32cubeIDE_Workspace/masteringRTOS/RTOS_MyWorkspace/006_TaskPriority_DynamicExchange/inc" -I"D:/WORKSPACE/stm32cubeIDE_Workspace/masteringRTOS/RTOS_MyWorkspace/006_TaskPriority_DynamicExchange/StdPeriph_Driver/inc" -O0 -ffunction-sections -fdata-sections -Wall -fstack-usage -MMD -MP -MF"src/main.d" -MT"src/main.o" --specs=nano.specs -mfpu=fpv4-sp-d16 -mfloat-abi=hard -mthumb -o "src/main.o"
arm-none-eabi-gcc -o "006_TaskPriority_DynamicExchange.elf" @"objects.list"   -mcpu=cortex-m4 -T"D:\WORKSPACE\stm32cubeIDE_Workspace\masteringRTOS\RTOS_MyWorkspace\006_TaskPriority_DynamicExchange\STM32F446RETX_FLASH.ld" --specs=nosys.specs -Wl,-Map="006_TaskPriority_DynamicExchange.map" -Wl,--gc-sections -static -specs=rdimon.specs -lc -lrdimon --specs=nano.specs -mfpu=fpv4-sp-d16 -mfloat-abi=hard -mthumb -Wl,--start-group -lc -lm -Wl,--end-group
Finished building target: 006_TaskPriority_DynamicExchange.elf
 
arm-none-eabi-objdump -h -S  006_TaskPriority_DynamicExchange.elf  > "006_TaskPriority_DynamicExchange.list"
arm-none-eabi-objcopy  -O binary  006_TaskPriority_DynamicExchange.elf  "006_TaskPriority_DynamicExchange.bin"
arm-none-eabi-size   006_TaskPriority_DynamicExchange.elf 
   text	   data	    bss	    dec	    hex	filename
  16732	     48	  88624	 105404	  19bbc	006_TaskPriority_DynamicExchange.elf
Finished building: default.size.stdout
 
Finished building: 006_TaskPriority_DynamicExchange.bin
Finished building: 006_TaskPriority_DynamicExchange.list
 
 

01:24:39 Build Finished. 0 errors, 0 warnings. (took 1s.954ms)

